Archive member included to satisfy reference by file (symbol)

c:/progra~1/raspberry pi/pico sdk v1.5.1/gcc-arm-none-eabi/bin/../lib/gcc/arm-none-eabi/10.3.1/thumb/v6-m/nofp\libgcc.a(_dvmd_tls.o)
                              CMakeFiles/main.dir/C_/Program_Files/pico-sdk-master/src/rp2_common/pico_divider/divider.S.obj (__aeabi_idiv0)
c:/progra~1/raspberry pi/pico sdk v1.5.1/gcc-arm-none-eabi/bin/../lib/gcc/arm-none-eabi/10.3.1/../../../../arm-none-eabi/lib/thumb/v6-m/nofp\libg.a(lib_a-calloc.o)
                              CMakeFiles/main.dir/C_/Program_Files/pico-sdk-master/src/rp2_common/pico_malloc/pico_malloc.c.obj (calloc)
c:/progra~1/raspberry pi/pico sdk v1.5.1/gcc-arm-none-eabi/bin/../lib/gcc/arm-none-eabi/10.3.1/../../../../arm-none-eabi/lib/thumb/v6-m/nofp\libg.a(lib_a-callocr.o)
                              c:/progra~1/raspberry pi/pico sdk v1.5.1/gcc-arm-none-eabi/bin/../lib/gcc/arm-none-eabi/10.3.1/../../../../arm-none-eabi/lib/thumb/v6-m/nofp\libg.a(lib_a-calloc.o) (_calloc_r)
c:/progra~1/raspberry pi/pico sdk v1.5.1/gcc-arm-none-eabi/bin/../lib/gcc/arm-none-eabi/10.3.1/../../../../arm-none-eabi/lib/thumb/v6-m/nofp\libg.a(lib_a-errno.o)
                              c:/progra~1/raspberry pi/pico sdk v1.5.1/gcc-arm-none-eabi/bin/../lib/gcc/arm-none-eabi/10.3.1/../../../../arm-none-eabi/lib/thumb/v6-m/nofp\libg.a(lib_a-callocr.o) (__errno)
c:/progra~1/raspberry pi/pico sdk v1.5.1/gcc-arm-none-eabi/bin/../lib/gcc/arm-none-eabi/10.3.1/../../../../arm-none-eabi/lib/thumb/v6-m/nofp\libg.a(lib_a-impure.o)
                              c:/progra~1/raspberry pi/pico sdk v1.5.1/gcc-arm-none-eabi/bin/../lib/gcc/arm-none-eabi/10.3.1/../../../../arm-none-eabi/lib/thumb/v6-m/nofp\libg.a(lib_a-calloc.o) (_impure_ptr)
c:/progra~1/raspberry pi/pico sdk v1.5.1/gcc-arm-none-eabi/bin/../lib/gcc/arm-none-eabi/10.3.1/../../../../arm-none-eabi/lib/thumb/v6-m/nofp\libg.a(lib_a-init.o)
                              c:/progra~1/raspberry pi/pico sdk v1.5.1/gcc-arm-none-eabi/bin/../lib/gcc/arm-none-eabi/10.3.1/../../../../arm-none-eabi/lib/thumb/v6-m/nofp/crt0.o (__libc_init_array)
c:/progra~1/raspberry pi/pico sdk v1.5.1/gcc-arm-none-eabi/bin/../lib/gcc/arm-none-eabi/10.3.1/../../../../arm-none-eabi/lib/thumb/v6-m/nofp\libg.a(lib_a-malloc.o)
                              CMakeFiles/main.dir/C_/Program_Files/pico-sdk-master/src/rp2_common/pico_malloc/pico_malloc.c.obj (malloc)
c:/progra~1/raspberry pi/pico sdk v1.5.1/gcc-arm-none-eabi/bin/../lib/gcc/arm-none-eabi/10.3.1/../../../../arm-none-eabi/lib/thumb/v6-m/nofp\libg.a(lib_a-mallocr.o)
                              c:/progra~1/raspberry pi/pico sdk v1.5.1/gcc-arm-none-eabi/bin/../lib/gcc/arm-none-eabi/10.3.1/../../../../arm-none-eabi/lib/thumb/v6-m/nofp\libg.a(lib_a-callocr.o) (_malloc_r)
c:/progra~1/raspberry pi/pico sdk v1.5.1/gcc-arm-none-eabi/bin/../lib/gcc/arm-none-eabi/10.3.1/../../../../arm-none-eabi/lib/thumb/v6-m/nofp\libg.a(lib_a-mlock.o)
                              c:/progra~1/raspberry pi/pico sdk v1.5.1/gcc-arm-none-eabi/bin/../lib/gcc/arm-none-eabi/10.3.1/../../../../arm-none-eabi/lib/thumb/v6-m/nofp\libg.a(lib_a-mallocr.o) (__malloc_lock)
c:/progra~1/raspberry pi/pico sdk v1.5.1/gcc-arm-none-eabi/bin/../lib/gcc/arm-none-eabi/10.3.1/../../../../arm-none-eabi/lib/thumb/v6-m/nofp\libg.a(lib_a-realloc.o)
                              CMakeFiles/main.dir/C_/Program_Files/pico-sdk-master/src/rp2_common/pico_malloc/pico_malloc.c.obj (realloc)
c:/progra~1/raspberry pi/pico sdk v1.5.1/gcc-arm-none-eabi/bin/../lib/gcc/arm-none-eabi/10.3.1/../../../../arm-none-eabi/lib/thumb/v6-m/nofp\libg.a(lib_a-reallocr.o)
                              c:/progra~1/raspberry pi/pico sdk v1.5.1/gcc-arm-none-eabi/bin/../lib/gcc/arm-none-eabi/10.3.1/../../../../arm-none-eabi/lib/thumb/v6-m/nofp\libg.a(lib_a-realloc.o) (_realloc_r)
c:/progra~1/raspberry pi/pico sdk v1.5.1/gcc-arm-none-eabi/bin/../lib/gcc/arm-none-eabi/10.3.1/../../../../arm-none-eabi/lib/thumb/v6-m/nofp\libg.a(lib_a-sbrkr.o)
                              c:/progra~1/raspberry pi/pico sdk v1.5.1/gcc-arm-none-eabi/bin/../lib/gcc/arm-none-eabi/10.3.1/../../../../arm-none-eabi/lib/thumb/v6-m/nofp\libg.a(lib_a-mallocr.o) (_sbrk_r)
c:/progra~1/raspberry pi/pico sdk v1.5.1/gcc-arm-none-eabi/bin/../lib/gcc/arm-none-eabi/10.3.1/../../../../arm-none-eabi/lib/thumb/v6-m/nofp\libg.a(lib_a-strlen-stub.o)
                              CMakeFiles/main.dir/C_/Program_Files/pico-sdk-master/src/rp2_common/pico_stdio/stdio.c.obj (strlen)
c:/progra~1/raspberry pi/pico sdk v1.5.1/gcc-arm-none-eabi/bin/../lib/gcc/arm-none-eabi/10.3.1/../../../../arm-none-eabi/lib/thumb/v6-m/nofp\libg.a(lib_a-freer.o)
                              c:/progra~1/raspberry pi/pico sdk v1.5.1/gcc-arm-none-eabi/bin/../lib/gcc/arm-none-eabi/10.3.1/../../../../arm-none-eabi/lib/thumb/v6-m/nofp\libg.a(lib_a-malloc.o) (_free_r)
[...]
Memory Configuration

Name             Origin             Length             Attributes
FLASH            0x10000000         0x00200000         xr
RAM              0x20000000         0x00040000         xrw
SCRATCH_X        0x20040000         0x00001000         xrw
SCRATCH_Y        0x20041000         0x00001000         xrw
*default*        0x00000000         0xffffffff

Linker script and memory map

LOAD c:/progra~1/raspberry pi/pico sdk v1.5.1/gcc-arm-none-eabi/bin/../lib/gcc/arm-none-eabi/10.3.1/thumb/v6-m/nofp/crti.o
LOAD c:/progra~1/raspberry pi/pico sdk v1.5.1/gcc-arm-none-eabi/bin/../lib/gcc/arm-none-eabi/10.3.1/thumb/v6-m/nofp/crtbegin.o
LOAD c:/progra~1/raspberry pi/pico sdk v1.5.1/gcc-arm-none-eabi/bin/../lib/gcc/arm-none-eabi/10.3.1/../../../../arm-none-eabi/lib/thumb/v6-m/nofp/crt0.o

.flash_begin    0x10000000        0x0
                0x10000000                __flash_binary_start = .

.boot2          0x10000000      0x100
                0x10000000                __boot2_start__ = .
 *(.boot2)
 .boot2         0x10000000      0x100 C:\Users\cadix\AppData\Local\Temp\ccWKpfn9.o
                0x10000100                __boot2_end__ = .
                0x00000001                ASSERT (((__boot2_end__ - __boot2_start__) == 0x100), ERROR: Pico second stage bootloader must be 256 bytes in size)

.text           0x10000100     0x4818
                0x10000100                __logical_binary_start = .
 *(.vectors)
 .vectors       0x10000100       0xd4 CMakeFiles/main.dir/C_/Program_Files/pico-sdk-master/src/rp2_common/pico_standard_link/crt0.S.obj
                0x10000100                __VECTOR_TABLE
                0x10000100                __vectors
                0x100001c0                isr_invalid
                0x100001c0                __default_isrs_start
                0x100001c2                isr_nmi
                0x100001c4                isr_hardfault
                0x100001c6                isr_svcall
                0x100001c8                isr_pendsv
                0x100001ca                isr_systick
                0x100001cc                isr_irq23
                0x100001cc                isr_irq18
                0x100001cc                isr_irq11
                0x100001cc                isr_irq28
                0x100001cc                isr_irq19
                0x100001cc                isr_irq0
                0x100001cc                isr_irq6
                0x100001cc                isr_irq5
                0x100001cc                isr_irq12
                0x100001cc                isr_irq22
                0x100001cc                isr_irq31
                0x100001cc                isr_irq17
                0x100001cc                isr_irq27
                0x100001cc                isr_irq30
                0x100001cc                isr_irq2
                0x100001cc                isr_irq10
                0x100001cc                isr_irq8
                0x100001cc                isr_irq24
                0x100001cc                isr_irq1
                0x100001cc                isr_irq7
                0x100001cc                isr_irq21
                0x100001cc                isr_irq20
                0x100001cc                isr_irq15
                0x100001cc                isr_irq25
                0x100001cc                isr_irq13
                0x100001cc                __unhandled_user_irq
                0x100001cc                isr_irq4
                0x100001cc                isr_irq16
                0x100001cc                isr_irq29
                0x100001cc                isr_irq26
                0x100001cc                __default_isrs_end
                0x100001cc                isr_irq3
                0x100001cc                isr_irq14
                0x100001cc                isr_irq9
                0x100001d2                unhandled_user_irq_num_in_r0
 *(.binary_info_header)
 .binary_info_header
                0x100001d4       0x14 CMakeFiles/main.dir/C_/Program_Files/pico-sdk-master/src/rp2_common/pico_standard_link/crt0.S.obj
                0x100001e8                __binary_info_header_end = .
 *(.reset)
 .reset         0x100001e8       0xa0 CMakeFiles/main.dir/C_/Program_Files/pico-sdk-master/src/rp2_common/pico_standard_link/crt0.S.obj
                0x100001e8                _entry_point
 .reset         0x10000288       0x30 CMakeFiles/main.dir/C_/Program_Files/pico-sdk-master/src/rp2_common/pico_standard_link/binary_info.c.obj
 *(.init)
 .init          0x100002b8        0x4 c:/progra~1/raspberry pi/pico sdk v1.5.1/gcc-arm-none-eabi/bin/../lib/gcc/arm-none-eabi/10.3.1/thumb/v6-m/nofp/crti.o
                0x100002b8                _init
 *(EXCLUDE_FILE(*libm.a: *libc.a:*lib_a-mem*.o *libgcc.a:) .text*)
 .text          0x100002bc       0x48 c:/progra~1/raspberry pi/pico sdk v1.5.1/gcc-arm-none-eabi/bin/../lib/gcc/arm-none-eabi/10.3.1/thumb/v6-m/nofp/crtbegin.o
 .text.startup.main
                0x10000304       0x38 CMakeFiles/main.dir/main.cpp.obj
                0x10000304                main
 .text.gpio_init
                0x1000033c       0x3c CMakeFiles/main.dir/C_/Program_Files/pico-sdk-master/src/rp2_common/hardware_gpio/gpio.c.obj
                0x1000033c                gpio_init
 .text.running_on_fpga
                0x10000378       0x10 CMakeFiles/main.dir/C_/Program_Files/pico-sdk-master/src/rp2_common/pico_platform/platform.c.obj
                0x10000378                running_on_fpga
 .text.hw_claim_or_assert
                0x10000388       0x44 CMakeFiles/main.dir/C_/Program_Files/pico-sdk-master/src/rp2_common/hardware_claim/claim.c.obj
                0x10000388                hw_claim_or_assert
 .text.spin_locks_reset
                0x100003cc       0x1c CMakeFiles/main.dir/C_/Program_Files/pico-sdk-master/src/rp2_common/hardware_sync/sync.c.obj
                0x100003cc                spin_locks_reset
 .text.next_striped_spin_lock_num
                0x100003e8       0x18 CMakeFiles/main.dir/C_/Program_Files/pico-sdk-master/src/rp2_common/hardware_sync/sync.c.obj
                0x100003e8                next_striped_spin_lock_num
 .text.resolve_branch.part.0
                0x10000400       0x1c CMakeFiles/main.dir/C_/Program_Files/pico-sdk-master/src/rp2_common/hardware_irq/irq.c.obj
 .text.make_branch.part.0
                0x1000041c       0x1c CMakeFiles/main.dir/C_/Program_Files/pico-sdk-master/src/rp2_common/hardware_irq/irq.c.obj
 .text.irq_set_enabled
                0x10000438       0x24 CMakeFiles/main.dir/C_/Program_Files/pico-sdk-master/src/rp2_common/hardware_irq/irq.c.obj
                0x10000438                irq_set_enabled
 .text.irq_get_vtable_handler
                0x1000045c       0x10 CMakeFiles/main.dir/C_/Program_Files/pico-sdk-master/src/rp2_common/hardware_irq/irq.c.obj
                0x1000045c                irq_get_vtable_handler
 .text.irq_set_exclusive_handler
                0x1000046c       0x68 CMakeFiles/main.dir/C_/Program_Files/pico-sdk-master/src/rp2_common/hardware_irq/irq.c.obj
                0x1000046c                irq_set_exclusive_handler
 .text.irq_remove_handler
                0x100004d4      0x218 CMakeFiles/main.dir/C_/Program_Files/pico-sdk-master/src/rp2_common/hardware_irq/irq.c.obj
                0x100004d4                irq_remove_handler
 .text.irq_add_tail_to_free_list
                0x100006ec       0xfc CMakeFiles/main.dir/C_/Program_Files/pico-sdk-master/src/rp2_common/hardware_irq/irq.c.obj
                0x100006ec                irq_add_tail_to_free_list
 .text.irq_init_priorities
                0x100007e8       0x24 CMakeFiles/main.dir/C_/Program_Files/pico-sdk-master/src/rp2_common/hardware_irq/irq.c.obj
                0x100007e8                irq_init_priorities
 .text.lock_init
                0x1000080c       0x10 CMakeFiles/main.dir/C_/Program_Files/pico-sdk-master/src/common/pico_sync/lock_core.c.obj
                0x1000080c                lock_init
 .text.mutex_init
                0x1000081c       0x1c CMakeFiles/main.dir/C_/Program_Files/pico-sdk-master/src/common/pico_sync/mutex.c.obj
                0x1000081c                mutex_init
 .text.recursive_mutex_init
                0x10000838       0x1c CMakeFiles/main.dir/C_/Program_Files/pico-sdk-master/src/common/pico_sync/mutex.c.obj
                0x10000838                recursive_mutex_init
 .text.sleep_until_callback
                0x10000854       0x30 CMakeFiles/main.dir/C_/Program_Files/pico-sdk-master/src/common/pico_time/time.c.obj
 .text.get_entry.part.0
                0x10000884       0x1c CMakeFiles/main.dir/C_/Program_Files/pico-sdk-master/src/common/pico_time/time.c.obj
 .text.timer_pool_entry_comparator
                0x100008a0       0x50 CMakeFiles/main.dir/C_/Program_Files/pico-sdk-master/src/common/pico_time/time.c.obj
                0x100008a0                timer_pool_entry_comparator
 .text.update_us_since_boot.part.0
                0x100008f0       0x1c CMakeFiles/main.dir/C_/Program_Files/pico-sdk-master/src/common/pico_time/time.c.obj
 .text.ph_get_node.part.0
                0x1000090c       0x1c CMakeFiles/main.dir/C_/Program_Files/pico-sdk-master/src/common/pico_time/time.c.obj
 .text.ph_add_child_node
                0x10000928       0x68 CMakeFiles/main.dir/C_/Program_Files/pico-sdk-master/src/common/pico_time/time.c.obj
 .text.get_entry_id_high.part.0
                0x10000990       0x1c CMakeFiles/main.dir/C_/Program_Files/pico-sdk-master/src/common/pico_time/time.c.obj
 .text.alarm_pool_get_default.part.0
                0x100009ac       0x1c CMakeFiles/main.dir/C_/Program_Files/pico-sdk-master/src/common/pico_time/time.c.obj
 .text.add_alarm_under_lock.isra.0
                0x100009c8      0x114 CMakeFiles/main.dir/C_/Program_Files/pico-sdk-master/src/common/pico_time/time.c.obj
 .text.alarm_pool_alarm_callback
                0x10000adc      0x2c8 CMakeFiles/main.dir/C_/Program_Files/pico-sdk-master/src/common/pico_time/time.c.obj
 .text.alarm_pool_init_default
                0x10000da4       0x6c CMakeFiles/main.dir/C_/Program_Files/pico-sdk-master/src/common/pico_time/time.c.obj
                0x10000da4                alarm_pool_init_default
 .text.alarm_pool_add_alarm_at
                0x10000e10      0x1b8 CMakeFiles/main.dir/C_/Program_Files/pico-sdk-master/src/common/pico_time/time.c.obj
                0x10000e10                alarm_pool_add_alarm_at
 .text.sleep_until
                0x10000fc8       0xdc CMakeFiles/main.dir/C_/Program_Files/pico-sdk-master/src/common/pico_time/time.c.obj
                0x10000fc8                sleep_until
 .text.sleep_ms
                0x100010a4       0x3c CMakeFiles/main.dir/C_/Program_Files/pico-sdk-master/src/common/pico_time/time.c.obj
                0x100010a4                sleep_ms
 .text.best_effort_wfe_or_timeout
                0x100010e0      0x144 CMakeFiles/main.dir/C_/Program_Files/pico-sdk-master/src/common/pico_time/time.c.obj
                0x100010e0                best_effort_wfe_or_timeout
 .text.hardware_alarm_irq_handler
                0x10001224       0xbc CMakeFiles/main.dir/C_/Program_Files/pico-sdk-master/src/rp2_common/hardware_timer/timer.c.obj
 .text.hardware_alarm_claim
                0x100012e0       0x18 CMakeFiles/main.dir/C_/Program_Files/pico-sdk-master/src/rp2_common/hardware_timer/timer.c.obj
                0x100012e0                hardware_alarm_claim
 .text.time_us_64
                0x100012f8       0x14 CMakeFiles/main.dir/C_/Program_Files/pico-sdk-master/src/rp2_common/hardware_timer/timer.c.obj
                0x100012f8                time_us_64
 .text.busy_wait_until
                0x1000130c       0x20 CMakeFiles/main.dir/C_/Program_Files/pico-sdk-master/src/rp2_common/hardware_timer/timer.c.obj
                0x1000130c                busy_wait_until
 .text.hardware_alarm_set_callback
                0x1000132c       0x8c CMakeFiles/main.dir/C_/Program_Files/pico-sdk-master/src/rp2_common/hardware_timer/timer.c.obj
                0x1000132c                hardware_alarm_set_callback
 .text.hardware_alarm_set_target
                0x100013b8       0xf0 CMakeFiles/main.dir/C_/Program_Files/pico-sdk-master/src/rp2_common/hardware_timer/timer.c.obj
                0x100013b8                hardware_alarm_set_target
 .text.hardware_alarm_cancel
                0x100014a8       0x3c CMakeFiles/main.dir/C_/Program_Files/pico-sdk-master/src/rp2_common/hardware_timer/timer.c.obj
                0x100014a8                hardware_alarm_cancel
 .text.ph_get_node.part.0
                0x100014e4       0x1c CMakeFiles/main.dir/C_/Program_Files/pico-sdk-master/src/common/pico_util/pheap.c.obj
 .text.ph_add_child_node
                0x10001500       0x68 CMakeFiles/main.dir/C_/Program_Files/pico-sdk-master/src/common/pico_util/pheap.c.obj
 .text.ph_post_alloc_init
                0x10001568       0x48 CMakeFiles/main.dir/C_/Program_Files/pico-sdk-master/src/common/pico_util/pheap.c.obj
                0x10001568                ph_post_alloc_init
 .text.ph_merge_two_pass
                0x100015b0       0x94 CMakeFiles/main.dir/C_/Program_Files/pico-sdk-master/src/common/pico_util/pheap.c.obj
                0x100015b0                ph_merge_two_pass
 .text.ph_remove_any_head
                0x10001644      0x194 CMakeFiles/main.dir/C_/Program_Files/pico-sdk-master/src/common/pico_util/pheap.c.obj
 .text.ph_remove_head
                0x100017d8      0x194 CMakeFiles/main.dir/C_/Program_Files/pico-sdk-master/src/common/pico_util/pheap.c.obj
                0x100017d8                ph_remove_head
 .text.ph_remove_and_free_node
                0x1000196c      0x124 CMakeFiles/main.dir/C_/Program_Files/pico-sdk-master/src/common/pico_util/pheap.c.obj
                0x1000196c                ph_remove_and_free_node
 .text.clock_configure
                0x10001a90      0x138 CMakeFiles/main.dir/C_/Program_Files/pico-sdk-master/src/rp2_common/hardware_clocks/clocks.c.obj
                0x10001a90                clock_configure
 .text.clocks_init
                0x10001bc8      0x274 CMakeFiles/main.dir/C_/Program_Files/pico-sdk-master/src/rp2_common/hardware_clocks/clocks.c.obj
                0x10001bc8                clocks_init
 .text.pll_init
                0x10001e3c      0x104 CMakeFiles/main.dir/C_/Program_Files/pico-sdk-master/src/rp2_common/hardware_pll/pll.c.obj
                0x10001e3c                pll_init
 .text.watchdog_start_tick
                0x10001f40       0x10 CMakeFiles/main.dir/C_/Program_Files/pico-sdk-master/src/rp2_common/hardware_watchdog/watchdog.c.obj
                0x10001f40                watchdog_start_tick
 .text.xosc_init
                0x10001f50       0x28 CMakeFiles/main.dir/C_/Program_Files/pico-sdk-master/src/rp2_common/hardware_xosc/xosc.c.obj
                0x10001f50                xosc_init
 .text._exit    0x10001f78        0x4 CMakeFiles/main.dir/C_/Program_Files/pico-sdk-master/src/rp2_common/pico_runtime/runtime.c.obj
                0x10001f78                _exit
 .text.exit     0x10001f7c        0x8 CMakeFiles/main.dir/C_/Program_Files/pico-sdk-master/src/rp2_common/pico_runtime/runtime.c.obj
                0x10001f7c                exit
 .text.__assert_func
                0x10001f84       0x34 CMakeFiles/main.dir/C_/Program_Files/pico-sdk-master/src/rp2_common/pico_runtime/runtime.c.obj
                0x10001f84                __assert_func
 .text.runtime_init
                0x10001fb8      0x118 CMakeFiles/main.dir/C_/Program_Files/pico-sdk-master/src/rp2_common/pico_runtime/runtime.c.obj
                0x10001fb8                runtime_init
 .text.panic    0x100020d0       0x30 CMakeFiles/main.dir/C_/Program_Files/pico-sdk-master/src/rp2_common/pico_runtime/runtime.c.obj
                0x100020d0                panic
 .text._out_null
                0x10002100        0x4 CMakeFiles/main.dir/C_/Program_Files/pico-sdk-master/src/rp2_common/pico_printf/printf.c.obj
 .text._out_rev
                0x10002104       0x9c CMakeFiles/main.dir/C_/Program_Files/pico-sdk-master/src/rp2_common/pico_printf/printf.c.obj
 .text._ntoa_format
                0x100021a0      0x1cc CMakeFiles/main.dir/C_/Program_Files/pico-sdk-master/src/rp2_common/pico_printf/printf.c.obj
 .text._out_fct
                0x1000236c       0x10 CMakeFiles/main.dir/C_/Program_Files/pico-sdk-master/src/rp2_common/pico_printf/printf.c.obj
 .text._etoa    0x1000237c      0x434 CMakeFiles/main.dir/C_/Program_Files/pico-sdk-master/src/rp2_common/pico_printf/printf.c.obj
 .text._ftoa    0x100027b0      0x348 CMakeFiles/main.dir/C_/Program_Files/pico-sdk-master/src/rp2_common/pico_printf/printf.c.obj
 .text._vsnprintf
                0x10002af8      0xaf4 CMakeFiles/main.dir/C_/Program_Files/pico-sdk-master/src/rp2_common/pico_printf/printf.c.obj
 .text.vfctprintf
                0x100035ec       0x20 CMakeFiles/main.dir/C_/Program_Files/pico-sdk-master/src/rp2_common/pico_printf/printf.c.obj
                0x100035ec                vfctprintf
 .text          0x1000360c       0x10 CMakeFiles/main.dir/C_/Program_Files/pico-sdk-master/src/rp2_common/pico_bit_ops/bit_ops_aeabi.S.obj
 .text.rom_func_lookup
                0x1000361c       0x10 CMakeFiles/main.dir/C_/Program_Files/pico-sdk-master/src/rp2_common/pico_bootrom/bootrom.c.obj
                0x1000361c                rom_func_lookup
 .text.rom_data_lookup
                0x1000362c       0x10 CMakeFiles/main.dir/C_/Program_Files/pico-sdk-master/src/rp2_common/pico_bootrom/bootrom.c.obj
                0x1000362c                rom_data_lookup
 .text.rom_funcs_lookup
                0x1000363c       0x44 CMakeFiles/main.dir/C_/Program_Files/pico-sdk-master/src/rp2_common/pico_bootrom/bootrom.c.obj
                0x1000363c                rom_funcs_lookup
 .text.__wrap___aeabi_idiv
                0x10003680       0x50 CMakeFiles/main.dir/C_/Program_Files/pico-sdk-master/src/rp2_common/pico_divider/divider.S.obj
                0x10003680                __wrap___aeabi_idivmod
                0x10003680                divmod_s32s32
                0x10003680                div_s32s32
                0x10003680                __wrap___aeabi_idiv
                0x10003688                divmod_s32s32_unsafe
                0x100036b4                divmod_s32s32_savestate
 .text.__wrap___aeabi_uidiv
                0x100036d0       0x4c CMakeFiles/main.dir/C_/Program_Files/pico-sdk-master/src/rp2_common/pico_divider/divider.S.obj
                0x100036d0                __wrap___aeabi_uidiv
                0x100036d0                __wrap___aeabi_uidivmod
                0x100036d0                div_u32u32
                0x100036d0                divmod_u32u32
                0x100036d8                divmod_u32u32_unsafe
                0x10003700                divmod_u32u32_savestate
 .text.__wrap___aeabi_ldiv
                0x1000371c      0x424 CMakeFiles/main.dir/C_/Program_Files/pico-sdk-master/src/rp2_common/pico_divider/divider.S.obj
                0x1000371c                div_s64s64
                0x1000371c                divmod_s64s64
                0x1000371c                __wrap___aeabi_ldivmod
                0x1000374c                divmod_u64u64
                0x1000374c                div_u64u64
                0x1000374c                __wrap___aeabi_uldivmod
                0x1000375c                divmod_u64u64_savestate
                0x1000377c                divmod_s64s64_unsafe
                0x10003804                divmod_u64u64_unsafe
 .text.__wrap___aeabi_darithmetic
                0x10003b40       0x80 CMakeFiles/main.dir/C_/Program_Files/pico-sdk-master/src/rp2_common/pico_double/double_aeabi.S.obj
                0x10003b40                __wrap___aeabi_drsub
                0x10003b46                __wrap___aeabi_dsub
                0x10003b58                __wrap___aeabi_dadd
                0x10003b6a                __wrap___aeabi_ddiv
                0x10003ba6                __wrap___aeabi_dmul
 .text.__wrap___aeabi_cdcmple
                0x10003bc0       0x6c CMakeFiles/main.dir/C_/Program_Files/pico-sdk-master/src/rp2_common/pico_double/double_aeabi.S.obj
                0x10003bc0                __wrap___aeabi_cdrcmple
                0x10003bd0                __wrap___aeabi_cdcmpeq
                0x10003bd0                __wrap___aeabi_cdcmple
 .text.__wrap___aeabi_dcmpeq
                0x10003c2c       0x10 CMakeFiles/main.dir/C_/Program_Files/pico-sdk-master/src/rp2_common/pico_double/double_aeabi.S.obj
                0x10003c2c                __wrap___aeabi_dcmpeq
 .text.__wrap___aeabi_dcmplt
                0x10003c3c        0xc CMakeFiles/main.dir/C_/Program_Files/pico-sdk-master/src/rp2_common/pico_double/double_aeabi.S.obj
                0x10003c3c                __wrap___aeabi_dcmplt
 .text.__wrap___aeabi_dcmple
                0x10003c48       0x10 CMakeFiles/main.dir/C_/Program_Files/pico-sdk-master/src/rp2_common/pico_double/double_aeabi.S.obj
                0x10003c48                __wrap___aeabi_dcmple
 .text.__wrap___aeabi_dcmpge
                0x10003c58       0x10 CMakeFiles/main.dir/C_/Program_Files/pico-sdk-master/src/rp2_common/pico_double/double_aeabi.S.obj
                0x10003c58                __wrap___aeabi_dcmpge
 .text.__wrap___aeabi_dcmpgt
                0x10003c68        0xa CMakeFiles/main.dir/C_/Program_Files/pico-sdk-master/src/rp2_common/pico_double/double_aeabi.S.obj
                0x10003c68                __wrap___aeabi_dcmpgt
 *fill*         0x10003c72        0x2 
 .text.__wrap___aeabi_i2d
                0x10003c74       0x38 CMakeFiles/main.dir/C_/Program_Files/pico-sdk-master/src/rp2_common/pico_double/double_aeabi.S.obj
                0x10003c74                __wrap___aeabi_ui2d
                0x10003c7c                __wrap___aeabi_i2d
 .text.__wrap___aeabi_d2iz
                0x10003cac       0x48 CMakeFiles/main.dir/C_/Program_Files/pico-sdk-master/src/rp2_common/pico_double/double_aeabi.S.obj
                0x10003cac                double2int_z
                0x10003cac                __wrap___aeabi_d2iz
 .text.__wrap___aeabi_d2uiz
                0x10003cf4       0x18 CMakeFiles/main.dir/C_/Program_Files/pico-sdk-master/src/rp2_common/pico_double/double_aeabi.S.obj
                0x10003cf4                __wrap___aeabi_d2uiz
                0x10003cf4                double2uint
 .text.__aeabi_double_init
                0x10003d0c       0xfc CMakeFiles/main.dir/C_/Program_Files/pico-sdk-master/src/rp2_common/pico_double/double_init_rom.c.obj
                0x10003d0c                __aeabi_double_init
 .text.double_table_shim_on_use_helper
                0x10003e08       0x34 CMakeFiles/main.dir/C_/Program_Files/pico-sdk-master/src/rp2_common/pico_double/double_v1_rom_shim.S.obj
                0x10003e08                double_table_shim_on_use_helper
 .text.__wrap___aeabi_dsub
                0x10003e3c       0x10 CMakeFiles/main.dir/C_/Program_Files/pico-sdk-master/src/rp2_common/pico_double/double_v1_rom_shim.S.obj
                0x10003e3c                drsub_shim
                0x10003e42                dsub_shim
 .text.dadd_shim
                0x10003e4c      0x15c CMakeFiles/main.dir/C_/Program_Files/pico-sdk-master/src/rp2_common/pico_double/double_v1_rom_shim.S.obj
                0x10003e4c                dadd_shim
 .text.dmul_shim
                0x10003fa8      0x15c CMakeFiles/main.dir/C_/Program_Files/pico-sdk-master/src/rp2_common/pico_double/double_v1_rom_shim.S.obj
                0x10003fa8                dmul_shim
 .text.ddiv_shim
                0x10004104      0x1b0 CMakeFiles/main.dir/C_/Program_Files/pico-sdk-master/src/rp2_common/pico_double/double_v1_rom_shim.S.obj
                0x10004104                ddiv_shim
 .text.double2uint_shim
                0x100042b4        0xe CMakeFiles/main.dir/C_/Program_Files/pico-sdk-master/src/rp2_common/pico_double/double_v1_rom_shim.S.obj
                0x100042b4                double2uint_shim
                0x100042b6                double2ufix_shim
 *fill*         0x100042c2        0x2 
 .text.double2uint64_shim
                0x100042c4       0x70 CMakeFiles/main.dir/C_/Program_Files/pico-sdk-master/src/rp2_common/pico_double/double_v1_rom_shim.S.obj
                0x100042c4                double2uint64_shim
                0x100042c6                double2ufix64_shim
                0x100042e6                d2fix_a
 .text.dunpacks
                0x10004334       0x3c CMakeFiles/main.dir/C_/Program_Files/pico-sdk-master/src/rp2_common/pico_double/double_v1_rom_shim.S.obj
                0x10004334                dunpacks
 .text.__aeabi_lmul
                0x10004370       0x32 CMakeFiles/main.dir/C_/Program_Files/pico-sdk-master/src/rp2_common/pico_int64_ops/pico_int64_ops_aeabi.S.obj
                0x10004370                __wrap___aeabi_lmul
 *fill*         0x100043a2        0x2 
 .text.__aeabi_float_init
                0x100043a4       0xf8 CMakeFiles/main.dir/C_/Program_Files/pico-sdk-master/src/rp2_common/pico_float/float_init_rom.c.obj
                0x100043a4                __aeabi_float_init
 .text.float_table_shim_on_use_helper
                0x1000449c       0x34 CMakeFiles/main.dir/C_/Program_Files/pico-sdk-master/src/rp2_common/pico_float/float_v1_rom_shim.S.obj
                0x1000449c                float_table_shim_on_use_helper
 .text          0x100044d0       0x10 CMakeFiles/main.dir/C_/Program_Files/pico-sdk-master/src/rp2_common/pico_mem_ops/mem_ops_aeabi.S.obj
                0x100044d0                __aeabi_mem_init
 .text.memcpy   0x100044e0        0xc CMakeFiles/main.dir/C_/Program_Files/pico-sdk-master/src/rp2_common/pico_mem_ops/mem_ops_aeabi.S.obj
                0x100044e0                __wrap_memcpy
                0x100044e0                __wrap___aeabi_memcpy
 .text.stdio_out_chars_no_crlf
                0x100044ec       0x10 CMakeFiles/main.dir/C_/Program_Files/pico-sdk-master/src/rp2_common/pico_stdio/stdio.c.obj
 .text.stdio_out_chars_crlf
                0x100044fc       0xb4 CMakeFiles/main.dir/C_/Program_Files/pico-sdk-master/src/rp2_common/pico_stdio/stdio.c.obj
 .text.stdio_buffered_printer
                0x100045b0       0x64 CMakeFiles/main.dir/C_/Program_Files/pico-sdk-master/src/rp2_common/pico_stdio/stdio.c.obj
 .text.update_us_since_boot.part.0
                0x10004614       0x1c CMakeFiles/main.dir/C_/Program_Files/pico-sdk-master/src/rp2_common/pico_stdio/stdio.c.obj
 .text.stdio_put_string.isra.0
                0x10004630      0x104 CMakeFiles/main.dir/C_/Program_Files/pico-sdk-master/src/rp2_common/pico_stdio/stdio.c.obj
 .text.__wrap_puts
                0x10004734       0x3c CMakeFiles/main.dir/C_/Program_Files/pico-sdk-master/src/rp2_common/pico_stdio/stdio.c.obj
                0x10004734                __wrap_puts
 .text.__wrap_vprintf
                0x10004770       0xe8 CMakeFiles/main.dir/C_/Program_Files/pico-sdk-master/src/rp2_common/pico_stdio/stdio.c.obj
                0x10004770                __wrap_vprintf
 .text.__wrap_printf
                0x10004858       0x18 CMakeFiles/main.dir/C_/Program_Files/pico-sdk-master/src/rp2_common/pico_stdio/stdio.c.obj
                0x10004858                __wrap_printf
 .text.stdio_init_all
                0x10004870        0x4 CMakeFiles/main.dir/C_/Program_Files/pico-sdk-master/src/rp2_common/pico_stdio/stdio.c.obj
                0x10004870                stdio_init_all
 .text.strlen   0x10004874       0x5c c:/progra~1/raspberry pi/pico sdk v1.5.1/gcc-arm-none-eabi/bin/../lib/gcc/arm-none-eabi/10.3.1/../../../../arm-none-eabi/lib/thumb/v6-m/nofp\libg.a(lib_a-strlen-stub.o)
                0x10004874                strlen
 *(.fini)
 .fini          0x100048d0        0x4 c:/progra~1/raspberry pi/pico sdk v1.5.1/gcc-arm-none-eabi/bin/../lib/gcc/arm-none-eabi/10.3.1/thumb/v6-m/nofp/crti.o
                0x100048d0                _fini
 *fill*         0x100048d4        0x4 
 .fini.__stub   0x100048d8       0x40 linker stubs
 *crtbegin.o(.ctors)
 *crtbegin?.o(.ctors)
 *(EXCLUDE_FILE(*crtend.o *crtend?.o) .ctors)
 *(SORT_BY_NAME(.ctors.*))
 *(.ctors)
 *crtbegin.o(.dtors)
 *crtbegin?.o(.dtors)
 *(EXCLUDE_FILE(*crtend.o *crtend?.o) .dtors)
 *(SORT_BY_NAME(.dtors.*))
 *(.dtors)
 *(.eh_frame*)
 .eh_frame      0x10004918        0x0 c:/progra~1/raspberry pi/pico sdk v1.5.1/gcc-arm-none-eabi/bin/../lib/gcc/arm-none-eabi/10.3.1/thumb/v6-m/nofp/crtbegin.o
                0x10004918                . = ALIGN (0x4)

.glue_7         0x10004918        0x0
 .glue_7        0x10004918        0x0 linker stubs

.glue_7t        0x10004918        0x0
 .glue_7t       0x10004918        0x0 linker stubs

.vfp11_veneer   0x10004918        0x0
 .vfp11_veneer  0x10004918        0x0 linker stubs

.v4_bx          0x10004918        0x0
 .v4_bx         0x10004918        0x0 linker stubs

.iplt           0x10004918        0x0
 .iplt          0x10004918        0x0 c:/progra~1/raspberry pi/pico sdk v1.5.1/gcc-arm-none-eabi/bin/../lib/gcc/arm-none-eabi/10.3.1/thumb/v6-m/nofp/crtbegin.o

.rodata         0x10004918      0xec0
 *(EXCLUDE_FILE(*libm.a: *libc.a:*lib_a-mem*.o *libgcc.a:) .rodata*)
 .rodata.main.str1.4
                0x10004918        0x3 CMakeFiles/main.dir/main.cpp.obj
 *fill*         0x1000491b        0x1 
 .rodata.resolve_branch.part.0.str1.4
                0x1000491c       0x5b CMakeFiles/main.dir/C_/Program_Files/pico-sdk-master/src/rp2_common/hardware_irq/irq.c.obj
 *fill*         0x10004977        0x1 
 .rodata.make_branch.part.0.str1.4
                0x10004978       0x30 CMakeFiles/main.dir/C_/Program_Files/pico-sdk-master/src/rp2_common/hardware_irq/irq.c.obj
 .rodata.irq_set_exclusive_handler.str1.4
                0x100049a8       0x36 CMakeFiles/main.dir/C_/Program_Files/pico-sdk-master/src/rp2_common/hardware_irq/irq.c.obj
 *fill*         0x100049de        0x2 
 .rodata.irq_remove_handler.str1.4
                0x100049e0       0x4a CMakeFiles/main.dir/C_/Program_Files/pico-sdk-master/src/rp2_common/hardware_irq/irq.c.obj
 *fill*         0x10004a2a        0x2 
 .rodata.irq_add_tail_to_free_list.str1.4
                0x10004a2c       0x3a CMakeFiles/main.dir/C_/Program_Files/pico-sdk-master/src/rp2_common/hardware_irq/irq.c.obj
 *fill*         0x10004a66        0x2 
 .rodata.__func__.0
                0x10004a68       0x1a CMakeFiles/main.dir/C_/Program_Files/pico-sdk-master/src/rp2_common/hardware_irq/irq.c.obj
 *fill*         0x10004a82        0x2 
 .rodata.__func__.1
                0x10004a84       0x17 CMakeFiles/main.dir/C_/Program_Files/pico-sdk-master/src/rp2_common/hardware_irq/irq.c.obj
 *fill*         0x10004a9b        0x1 
 .rodata.__func__.2
                0x10004a9c       0x13 CMakeFiles/main.dir/C_/Program_Files/pico-sdk-master/src/rp2_common/hardware_irq/irq.c.obj
 *fill*         0x10004aaf        0x1 
 .rodata.__func__.3
                0x10004ab0        0xc CMakeFiles/main.dir/C_/Program_Files/pico-sdk-master/src/rp2_common/hardware_irq/irq.c.obj
 .rodata.__func__.4
                0x10004abc        0xf CMakeFiles/main.dir/C_/Program_Files/pico-sdk-master/src/rp2_common/hardware_irq/irq.c.obj
 *fill*         0x10004acb        0x1 
 .rodata.__func__.6
                0x10004acc       0x1a CMakeFiles/main.dir/C_/Program_Files/pico-sdk-master/src/rp2_common/hardware_irq/irq.c.obj
 *fill*         0x10004ae6        0x2 
 .rodata.str1.4
                0x10004ae8       0x91 CMakeFiles/main.dir/C_/Program_Files/pico-sdk-master/src/common/pico_sync/mutex.c.obj
 *fill*         0x10004b79        0x3 
 .rodata.__func__.1
                0x10004b7c        0xb CMakeFiles/main.dir/C_/Program_Files/pico-sdk-master/src/common/pico_sync/mutex.c.obj
 *fill*         0x10004b87        0x1 
 .rodata.__func__.3
                0x10004b88       0x18 CMakeFiles/main.dir/C_/Program_Files/pico-sdk-master/src/common/pico_sync/mutex.c.obj
 .rodata.get_entry.part.0.str1.4
                0x10004ba0       0x61 CMakeFiles/main.dir/C_/Program_Files/pico-sdk-master/src/common/pico_time/time.c.obj
 *fill*         0x10004c01        0x3 
 .rodata.update_us_since_boot.part.0.str1.4
                0x10004c04       0x67 CMakeFiles/main.dir/C_/Program_Files/pico-sdk-master/src/common/pico_time/time.c.obj
 *fill*         0x10004c6b        0x1 
 .rodata.ph_get_node.part.0.str1.4
                0x10004c6c       0x6c CMakeFiles/main.dir/C_/Program_Files/pico-sdk-master/src/common/pico_time/time.c.obj
 .rodata.ph_add_child_node.str1.4
                0x10004cd8       0x22 CMakeFiles/main.dir/C_/Program_Files/pico-sdk-master/src/common/pico_time/time.c.obj
 *fill*         0x10004cfa        0x2 
 .rodata.alarm_pool_get_default.part.0.str1.4
                0x10004cfc       0x21 CMakeFiles/main.dir/C_/Program_Files/pico-sdk-master/src/common/pico_time/time.c.obj
 *fill*         0x10004d1d        0x3 
 .rodata.add_alarm_under_lock.isra.0.str1.4
                0x10004d20       0x28 CMakeFiles/main.dir/C_/Program_Files/pico-sdk-master/src/common/pico_time/time.c.obj
 .rodata.alarm_pool_alarm_callback.str1.4
                0x10004d48       0x98 CMakeFiles/main.dir/C_/Program_Files/pico-sdk-master/src/common/pico_time/time.c.obj
 .rodata.alarm_pool_cancel_alarm.str1.4
                0x10004de0       0x27 CMakeFiles/main.dir/C_/Program_Files/pico-sdk-master/src/common/pico_time/time.c.obj
 *fill*         0x10004e07        0x1 
 .rodata.sleep_until.str1.4
                0x10004e08       0x4d CMakeFiles/main.dir/C_/Program_Files/pico-sdk-master/src/common/pico_time/time.c.obj
 *fill*         0x10004e55        0x3 
 .rodata.__func__.1
                0x10004e58       0x18 CMakeFiles/main.dir/C_/Program_Files/pico-sdk-master/src/common/pico_time/time.c.obj
 .rodata.__func__.10
                0x10004e70       0x15 CMakeFiles/main.dir/C_/Program_Files/pico-sdk-master/src/common/pico_time/time.c.obj
 *fill*         0x10004e85        0x3 
 .rodata.__func__.11
                0x10004e88       0x1a CMakeFiles/main.dir/C_/Program_Files/pico-sdk-master/src/common/pico_time/time.c.obj
 *fill*         0x10004ea2        0x2 
 .rodata.__func__.12
                0x10004ea4        0xa CMakeFiles/main.dir/C_/Program_Files/pico-sdk-master/src/common/pico_time/time.c.obj
 *fill*         0x10004eae        0x2 
 .rodata.__func__.3
                0x10004eb0       0x17 CMakeFiles/main.dir/C_/Program_Files/pico-sdk-master/src/common/pico_time/time.c.obj
 *fill*         0x10004ec7        0x1 
 .rodata.__func__.4
                0x10004ec8       0x12 CMakeFiles/main.dir/C_/Program_Files/pico-sdk-master/src/common/pico_time/time.c.obj
 *fill*         0x10004eda        0x2 
 .rodata.__func__.5
                0x10004edc        0xd CMakeFiles/main.dir/C_/Program_Files/pico-sdk-master/src/common/pico_time/time.c.obj
 *fill*         0x10004ee9        0x3 
 .rodata.__func__.6
                0x10004eec       0x12 CMakeFiles/main.dir/C_/Program_Files/pico-sdk-master/src/common/pico_time/time.c.obj
 *fill*         0x10004efe        0x2 
 .rodata.__func__.8
                0x10004f00        0xc CMakeFiles/main.dir/C_/Program_Files/pico-sdk-master/src/common/pico_time/time.c.obj
 .rodata.__func__.9
                0x10004f0c       0x15 CMakeFiles/main.dir/C_/Program_Files/pico-sdk-master/src/common/pico_time/time.c.obj
 *fill*         0x10004f21        0x3 
 .rodata.hardware_alarm_claim.str1.4
                0x10004f24       0x22 CMakeFiles/main.dir/C_/Program_Files/pico-sdk-master/src/rp2_common/hardware_timer/timer.c.obj
 *fill*         0x10004f46        0x2 
 .rodata.hardware_alarm_set_target.str1.4
                0x10004f48       0x6b CMakeFiles/main.dir/C_/Program_Files/pico-sdk-master/src/rp2_common/hardware_timer/timer.c.obj
 *fill*         0x10004fb3        0x1 
 .rodata.__func__.0
                0x10004fb4       0x1a CMakeFiles/main.dir/C_/Program_Files/pico-sdk-master/src/rp2_common/hardware_timer/timer.c.obj
 .rodata.ph_get_node.part.0.str1.4
                0x10004fce       0x6c CMakeFiles/main.dir/C_/Program_Files/pico-sdk-master/src/common/pico_util/pheap.c.obj
 .rodata.ph_add_child_node.str1.4
                0x10004fce       0x22 CMakeFiles/main.dir/C_/Program_Files/pico-sdk-master/src/common/pico_util/pheap.c.obj
 *fill*         0x10004fce        0x2 
 .rodata.ph_remove_any_head.str1.4
                0x10004fd0       0x94 CMakeFiles/main.dir/C_/Program_Files/pico-sdk-master/src/common/pico_util/pheap.c.obj
                                 0xa8 (size before relaxing)
 .rodata.ph_remove_and_free_node.str1.4
                0x10005064       0x1e CMakeFiles/main.dir/C_/Program_Files/pico-sdk-master/src/common/pico_util/pheap.c.obj
                                 0x26 (size before relaxing)
 *fill*         0x10005082        0x2 
 .rodata.__func__.0
                0x10005084       0x18 CMakeFiles/main.dir/C_/Program_Files/pico-sdk-master/src/common/pico_util/pheap.c.obj
 .rodata.__func__.1
                0x1000509c       0x13 CMakeFiles/main.dir/C_/Program_Files/pico-sdk-master/src/common/pico_util/pheap.c.obj
 *fill*         0x100050af        0x1 
 .rodata.__func__.2
                0x100050b0       0x12 CMakeFiles/main.dir/C_/Program_Files/pico-sdk-master/src/common/pico_util/pheap.c.obj
 *fill*         0x100050c2        0x2 
 .rodata.__func__.3
                0x100050c4        0xc CMakeFiles/main.dir/C_/Program_Files/pico-sdk-master/src/common/pico_util/pheap.c.obj
 .rodata.clocks_irq_handler.str1.4
                0x100050d0       0xef CMakeFiles/main.dir/C_/Program_Files/pico-sdk-master/src/rp2_common/hardware_clocks/clocks.c.obj
 *fill*         0x100051bf        0x1 
 .rodata.clock_configure.str1.4
                0x100051c0       0x11 CMakeFiles/main.dir/C_/Program_Files/pico-sdk-master/src/rp2_common/hardware_clocks/clocks.c.obj
 *fill*         0x100051d1        0x3 
 .rodata.__func__.1
                0x100051d4       0x10 CMakeFiles/main.dir/C_/Program_Files/pico-sdk-master/src/rp2_common/hardware_clocks/clocks.c.obj
 .rodata.pll_init.str1.4
                0x100051e4      0x109 CMakeFiles/main.dir/C_/Program_Files/pico-sdk-master/src/rp2_common/hardware_pll/pll.c.obj
 *fill*         0x100052ed        0x3 
 .rodata.__func__.0
                0x100052f0        0x9 CMakeFiles/main.dir/C_/Program_Files/pico-sdk-master/src/rp2_common/hardware_pll/pll.c.obj
 *fill*         0x100052f9        0x3 
 .rodata.__assert_func.str1.4
                0x100052fc       0x3f CMakeFiles/main.dir/C_/Program_Files/pico-sdk-master/src/rp2_common/pico_runtime/runtime.c.obj
                                 0x43 (size before relaxing)
 *fill*         0x1000533b        0x1 
 .rodata.runtime_init.str1.4
                0x1000533c       0x67 CMakeFiles/main.dir/C_/Program_Files/pico-sdk-master/src/rp2_common/pico_runtime/runtime.c.obj
 *fill*         0x100053a3        0x1 
 .rodata.panic.str1.4
                0x100053a4       0x12 CMakeFiles/main.dir/C_/Program_Files/pico-sdk-master/src/rp2_common/pico_runtime/runtime.c.obj
 *fill*         0x100053b6        0x2 
 .rodata.__func__.2
                0x100053b8        0xd CMakeFiles/main.dir/C_/Program_Files/pico-sdk-master/src/rp2_common/pico_runtime/runtime.c.obj
 *fill*         0x100053c5        0x3 
 .rodata._ftoa.str1.4
                0x100053c8       0x11 CMakeFiles/main.dir/C_/Program_Files/pico-sdk-master/src/rp2_common/pico_printf/printf.c.obj
 *fill*         0x100053d9        0x3 
 .rodata._vsnprintf
                0x100053dc      0x1e0 CMakeFiles/main.dir/C_/Program_Files/pico-sdk-master/src/rp2_common/pico_printf/printf.c.obj
 *fill*         0x100055bc        0x4 
 .rodata.pow10.0
                0x100055c0       0x50 CMakeFiles/main.dir/C_/Program_Files/pico-sdk-master/src/rp2_common/pico_printf/printf.c.obj
 .rodata.__aeabi_double_init.str1.4
                0x10005610       0xa2 CMakeFiles/main.dir/C_/Program_Files/pico-sdk-master/src/rp2_common/pico_double/double_init_rom.c.obj
 *fill*         0x100056b2        0x2 
 .rodata.__func__.0
                0x100056b4       0x14 CMakeFiles/main.dir/C_/Program_Files/pico-sdk-master/src/rp2_common/pico_double/double_init_rom.c.obj
 .rodata.__aeabi_float_init.str1.4
                0x100056c8       0x80 CMakeFiles/main.dir/C_/Program_Files/pico-sdk-master/src/rp2_common/pico_float/float_init_rom.c.obj
                                 0x84 (size before relaxing)
 .rodata.__func__.0
                0x10005748       0x13 CMakeFiles/main.dir/C_/Program_Files/pico-sdk-master/src/rp2_common/pico_float/float_init_rom.c.obj
 *fill*         0x1000575b        0x1 
 .rodata.str1.4
                0x1000575c       0x3c CMakeFiles/main.dir/C_/Program_Files/pico-sdk-master/src/rp2_common/pico_standard_link/binary_info.c.obj
 .rodata.__bi_44
                0x10005798        0xc CMakeFiles/main.dir/C_/Program_Files/pico-sdk-master/src/rp2_common/pico_standard_link/binary_info.c.obj
 .rodata.__bi_75
                0x100057a4        0xc CMakeFiles/main.dir/C_/Program_Files/pico-sdk-master/src/rp2_common/pico_standard_link/binary_info.c.obj
 .rodata.__bi_81
                0x100057b0        0xc CMakeFiles/main.dir/C_/Program_Files/pico-sdk-master/src/rp2_common/pico_standard_link/binary_info.c.obj
 .rodata.update_us_since_boot.part.0.str1.4
                0x100057bc       0x67 CMakeFiles/main.dir/C_/Program_Files/pico-sdk-master/src/rp2_common/pico_stdio/stdio.c.obj
 .rodata.__func__.3
                0x100057bc       0x15 CMakeFiles/main.dir/C_/Program_Files/pico-sdk-master/src/rp2_common/pico_stdio/stdio.c.obj
 *fill*         0x100057d1        0x3 
 .rodata.crlf_str.2
                0x100057d4        0x2 CMakeFiles/main.dir/C_/Program_Files/pico-sdk-master/src/rp2_common/pico_stdio/stdio.c.obj
                0x100057d8                . = ALIGN (0x4)
 *fill*         0x100057d6        0x2 
 *(SORT_BY_ALIGNMENT(SORT_BY_NAME(.flashdata*)))
                0x100057d8                . = ALIGN (0x4)

.ARM.extab
 *(.ARM.extab* .gnu.linkonce.armextab.*)
                0x100057d8                __exidx_start = .

.ARM.exidx
 *(.ARM.exidx* .gnu.linkonce.armexidx.*)
                0x100057d8                __exidx_end = .
                0x100057d8                . = ALIGN (0x4)
                0x100057d8                __binary_info_start = .

.binary_info    0x100057d8       0x1c
 *(.binary_info.keep.*)
 .binary_info.keep.__bi_ptr22
                0x100057d8        0x4 CMakeFiles/main.dir/C_/Program_Files/pico-sdk-master/src/rp2_common/pico_standard_link/binary_info.c.obj
 .binary_info.keep.__bi_ptr30
                0x100057dc        0x4 CMakeFiles/main.dir/C_/Program_Files/pico-sdk-master/src/rp2_common/pico_standard_link/binary_info.c.obj
 .binary_info.keep.__bi_ptr38
                0x100057e0        0x4 CMakeFiles/main.dir/C_/Program_Files/pico-sdk-master/src/rp2_common/pico_standard_link/binary_info.c.obj
 .binary_info.keep.__bi_ptr44
                0x100057e4        0x4 CMakeFiles/main.dir/C_/Program_Files/pico-sdk-master/src/rp2_common/pico_standard_link/binary_info.c.obj
 .binary_info.keep.__bi_ptr50
                0x100057e8        0x4 CMakeFiles/main.dir/C_/Program_Files/pico-sdk-master/src/rp2_common/pico_standard_link/binary_info.c.obj
 .binary_info.keep.__bi_ptr75
                0x100057ec        0x4 CMakeFiles/main.dir/C_/Program_Files/pico-sdk-master/src/rp2_common/pico_standard_link/binary_info.c.obj
 .binary_info.keep.__bi_ptr81
                0x100057f0        0x4 CMakeFiles/main.dir/C_/Program_Files/pico-sdk-master/src/rp2_common/pico_standard_link/binary_info.c.obj
 *(.binary_info.*)
                0x100057f4                __binary_info_end = .

.rel.dyn        0x100057f4        0x0
 .rel.iplt      0x100057f4        0x0 c:/progra~1/raspberry pi/pico sdk v1.5.1/gcc-arm-none-eabi/bin/../lib/gcc/arm-none-eabi/10.3.1/thumb/v6-m/nofp/crtbegin.o
                0x100057f4                . = ALIGN (0x4)

.ram_vector_table
                0x20000000       0xc0
 *(.ram_vector_table)
 .ram_vector_table
                0x20000000       0xc0 CMakeFiles/main.dir/C_/Program_Files/pico-sdk-master/src/rp2_common/pico_runtime/runtime.c.obj
                0x20000000                ram_vector_table

.data           0x200000c0      0x224 load address 0x100057f4
                0x200000c0                __data_start__ = .
 *(vtable)
 *(.time_critical*)
 .time_critical.mutex_enter_block_until
                0x200000c0       0x90 CMakeFiles/main.dir/C_/Program_Files/pico-sdk-master/src/common/pico_sync/mutex.c.obj
                0x200000c0                mutex_enter_block_until
 .time_critical.mutex_try_enter_block_until
                0x20000150       0x60 CMakeFiles/main.dir/C_/Program_Files/pico-sdk-master/src/common/pico_sync/mutex.c.obj
                0x20000150                mutex_try_enter_block_until
 .time_critical.mutex_exit
                0x200001b0       0x48 CMakeFiles/main.dir/C_/Program_Files/pico-sdk-master/src/common/pico_sync/mutex.c.obj
                0x200001b0                mutex_exit
 *(.text*)
 .text          0x200001f8        0x4 c:/progra~1/raspberry pi/pico sdk v1.5.1/gcc-arm-none-eabi/bin/../lib/gcc/arm-none-eabi/10.3.1/thumb/v6-m/nofp\libgcc.a(_dvmd_tls.o)
                0x200001f8                __aeabi_idiv0
                0x200001f8                __aeabi_ldiv0
 *fill*         0x200001fc        0x4 
 .text.__stub   0x20000200       0x20 linker stubs
                0x20000220                . = ALIGN (0x4)
 *(.rodata*)
                0x20000220                . = ALIGN (0x4)
 *(.data*)
 .data.striped_spin_lock_num
                0x20000220        0x1 CMakeFiles/main.dir/C_/Program_Files/pico-sdk-master/src/rp2_common/hardware_sync/sync.c.obj
 *fill*         0x20000221        0x3 
 .data          0x20000224       0x48 CMakeFiles/main.dir/C_/Program_Files/pico-sdk-master/src/rp2_common/hardware_irq/irq_handler_chain.S.obj
                0x20000224                irq_handler_chain_slots
                0x20000254                irq_handler_chain_first_slot
                0x2000025e                irq_handler_chain_remove_tail
 .data.default_alarm_pool
                0x2000026c       0x18 CMakeFiles/main.dir/C_/Program_Files/pico-sdk-master/src/common/pico_time/time.c.obj
 .data.default_alarm_pool_heap
                0x20000284       0x10 CMakeFiles/main.dir/C_/Program_Files/pico-sdk-master/src/common/pico_time/time.c.obj
 *fill*         0x20000294        0xc 
 .data.aeabi_bits_funcs
                0x200002a0       0x10 CMakeFiles/main.dir/C_/Program_Files/pico-sdk-master/src/rp2_common/pico_bit_ops/bit_ops_aeabi.S.obj
                0x200002a0                aeabi_bits_funcs
                0x200002b0                aeabi_bits_funcs_end
 .data.aeabi_mem_funcs
                0x200002b0       0x10 CMakeFiles/main.dir/C_/Program_Files/pico-sdk-master/src/rp2_common/pico_mem_ops/mem_ops_aeabi.S.obj
                0x200002b0                aeabi_mem_funcs
                0x200002c0                aeabi_mem_funcs_end
                0x200002c0                . = ALIGN (0x4)
 *(.after_data.*)
                0x200002c0                . = ALIGN (0x4)
                0x200002c0                PROVIDE (__mutex_array_start = .)
 *(SORT_BY_NAME(.mutex_array.*))
 *(.mutex_array)
 .mutex_array   0x200002c0        0x8 CMakeFiles/main.dir/C_/Program_Files/pico-sdk-master/src/rp2_common/pico_malloc/pico_malloc.c.obj
 .mutex_array   0x200002c8        0x8 CMakeFiles/main.dir/C_/Program_Files/pico-sdk-master/src/rp2_common/pico_stdio/stdio.c.obj
                0x200002d0                PROVIDE (__mutex_array_end = .)
                0x200002d0                . = ALIGN (0x4)
                0x200002d0                PROVIDE (__preinit_array_start = .)
 *(SORT_BY_NAME(.preinit_array.*))
 .preinit_array.00001
                0x200002d0        0x4 CMakeFiles/main.dir/C_/Program_Files/pico-sdk-master/src/rp2_common/pico_mem_ops/mem_ops_aeabi.S.obj
 .preinit_array.00010
                0x200002d4        0x4 CMakeFiles/main.dir/C_/Program_Files/pico-sdk-master/src/rp2_common/pico_bit_ops/bit_ops_aeabi.S.obj
 .preinit_array.00020
                0x200002d8        0x4 CMakeFiles/main.dir/C_/Program_Files/pico-sdk-master/src/rp2_common/pico_double/double_aeabi.S.obj
 .preinit_array.00020
                0x200002dc        0x4 CMakeFiles/main.dir/C_/Program_Files/pico-sdk-master/src/rp2_common/pico_float/float_aeabi.S.obj
 *(.preinit_array)
                0x200002e0                PROVIDE (__preinit_array_end = .)
                0x200002e0                . = ALIGN (0x4)
                0x200002e0                PROVIDE (__init_array_start = .)
 *(SORT_BY_NAME(.init_array.*))
 *(.init_array)
 .init_array    0x200002e0        0x4 c:/progra~1/raspberry pi/pico sdk v1.5.1/gcc-arm-none-eabi/bin/../lib/gcc/arm-none-eabi/10.3.1/thumb/v6-m/nofp/crtbegin.o
                0x200002e4                PROVIDE (__init_array_end = .)
                0x200002e4                . = ALIGN (0x4)
                [!provide]                PROVIDE (__fini_array_start = .)
 *(SORT_BY_NAME(.fini_array.*))
 *(.fini_array)
                [!provide]                PROVIDE (__fini_array_end = .)
 *(.jcr)
                0x200002e4                . = ALIGN (0x4)
                0x200002e4                __data_end__ = .
                0x100057f4                __etext = LOADADDR (.data)

.igot.plt       0x200002e4        0x0 load address 0x10005a18
 .igot.plt      0x200002e4        0x0 c:/progra~1/raspberry pi/pico sdk v1.5.1/gcc-arm-none-eabi/bin/../lib/gcc/arm-none-eabi/10.3.1/thumb/v6-m/nofp/crtbegin.o

.uninitialized_data
                0x200002e4        0x0 load address 0x10005a18
                0x200002e4                . = ALIGN (0x4)
 *(.uninitialized_data*)

.scratch_x      0x20040000        0x0 load address 0x10005a18
                0x20040000                __scratch_x_start__ = .
 *(.scratch_x.*)
                0x20040000                . = ALIGN (0x4)
                0x20040000                __scratch_x_end__ = .
                0x10005a18                __scratch_x_source__ = LOADADDR (.scratch_x)

.scratch_y      0x20041000        0x0 load address 0x10005a18
                0x20041000                __scratch_y_start__ = .
 *(.scratch_y.*)
                0x20041000                . = ALIGN (0x4)
                0x20041000                __scratch_y_end__ = .
                0x10005a18                __scratch_y_source__ = LOADADDR (.scratch_y)

.bss            0x200002e8      0x3c8
                0x200002e8                . = ALIGN (0x4)
                0x200002e8                __bss_start__ = .
 *(SORT_BY_ALIGNMENT(SORT_BY_NAME(.bss*)))
 .bss.default_alarm_pool_entries
                0x200002e8      0x100 CMakeFiles/main.dir/C_/Program_Files/pico-sdk-master/src/common/pico_time/time.c.obj
 .bss.sd_table  0x200003e8      0x100 CMakeFiles/main.dir/C_/Program_Files/pico-sdk-master/src/rp2_common/pico_double/double_init_rom.c.obj
                0x200003e8                sd_table
 .bss.sf_table  0x200004e8      0x100 CMakeFiles/main.dir/C_/Program_Files/pico-sdk-master/src/rp2_common/pico_float/float_init_rom.c.obj
                0x200004e8                sf_table
 .bss           0x200005e8       0x1c c:/progra~1/raspberry pi/pico sdk v1.5.1/gcc-arm-none-eabi/bin/../lib/gcc/arm-none-eabi/10.3.1/thumb/v6-m/nofp/crtbegin.o
 .bss.alarm_callbacks
                0x20000604       0x10 CMakeFiles/main.dir/C_/Program_Files/pico-sdk-master/src/rp2_common/hardware_timer/timer.c.obj
 .bss.configured_freq
                0x20000614       0x28 CMakeFiles/main.dir/C_/Program_Files/pico-sdk-master/src/rp2_common/hardware_clocks/clocks.c.obj
 .bss.default_alarm_pool_entry_ids_high
                0x2000063c       0x10 CMakeFiles/main.dir/C_/Program_Files/pico-sdk-master/src/common/pico_time/time.c.obj
 .bss.default_alarm_pool_heap_nodes
                0x2000064c       0x30 CMakeFiles/main.dir/C_/Program_Files/pico-sdk-master/src/common/pico_time/time.c.obj
 .bss.drivers   0x2000067c        0x4 CMakeFiles/main.dir/C_/Program_Files/pico-sdk-master/src/rp2_common/pico_stdio/stdio.c.obj
 .bss.filter    0x20000680        0x4 CMakeFiles/main.dir/C_/Program_Files/pico-sdk-master/src/rp2_common/pico_stdio/stdio.c.obj
 .bss.pools     0x20000684       0x10 CMakeFiles/main.dir/C_/Program_Files/pico-sdk-master/src/common/pico_time/time.c.obj
 .bss.sf_clz_func
                0x20000694        0x4 CMakeFiles/main.dir/C_/Program_Files/pico-sdk-master/src/rp2_common/pico_double/double_init_rom.c.obj
                0x20000694                sf_clz_func
 .bss.sleep_notifier
                0x20000698        0x4 CMakeFiles/main.dir/C_/Program_Files/pico-sdk-master/src/common/pico_time/time.c.obj
 .bss.target_hi
                0x2000069c       0x10 CMakeFiles/main.dir/C_/Program_Files/pico-sdk-master/src/rp2_common/hardware_timer/timer.c.obj
 .bss.claimed   0x200006ac        0x1 CMakeFiles/main.dir/C_/Program_Files/pico-sdk-master/src/rp2_common/hardware_timer/timer.c.obj
 .bss.irq_hander_chain_free_slot_head
                0x200006ad        0x1 CMakeFiles/main.dir/C_/Program_Files/pico-sdk-master/src/rp2_common/hardware_irq/irq.c.obj
 .bss.timer_callbacks_pending
                0x200006ae        0x1 CMakeFiles/main.dir/C_/Program_Files/pico-sdk-master/src/rp2_common/hardware_timer/timer.c.obj
 *(COMMON)
                0x200006b0                . = ALIGN (0x4)
 *fill*         0x200006af        0x1 
                0x200006b0                __bss_end__ = .

.heap           0x200006b0      0x800
                0x200006b0                __end__ = .
                0x200006b0                end = __end__
 *(.heap*)
 .heap          0x200006b0      0x800 CMakeFiles/main.dir/C_/Program_Files/pico-sdk-master/src/rp2_common/pico_standard_link/crt0.S.obj
                0x20000eb0                __HeapLimit = .

.stack1_dummy   0x20040000      0x800
 *(.stack1*)
 .stack1        0x20040000      0x800 CMakeFiles/main.dir/C_/Program_Files/pico-sdk-master/src/rp2_common/pico_multicore/multicore.c.obj

.stack_dummy    0x20041000      0x800
 *(.stack*)
 .stack         0x20041000      0x800 CMakeFiles/main.dir/C_/Program_Files/pico-sdk-master/src/rp2_common/pico_standard_link/crt0.S.obj

.flash_end      0x10005a18        0x0
                0x10005a18                PROVIDE (__flash_binary_end = .)
                0x20040000                __StackLimit = (ORIGIN (RAM) + LENGTH (RAM))
                0x20041000                __StackOneTop = (ORIGIN (SCRATCH_X) + LENGTH (SCRATCH_X))
                0x20042000                __StackTop = (ORIGIN (SCRATCH_Y) + LENGTH (SCRATCH_Y))
                0x20040800                __StackOneBottom = (__StackOneTop - SIZEOF (.stack1_dummy))
                0x20041800                __StackBottom = (__StackTop - SIZEOF (.stack_dummy))
                0x20042000                PROVIDE (__stack = __StackTop)
                0x00000001                ASSERT ((__StackLimit >= __HeapLimit), region RAM overflowed)
                0x00000001                ASSERT (((__binary_info_header_end - __logical_binary_start) <= 0x100), Binary info must be in first 256 bytes of the binary)
LOAD CMakeFiles/main.dir/main.cpp.obj
LOAD CMakeFiles/main.dir/C_/Program_Files/pico-sdk-master/src/rp2_common/pico_stdlib/stdlib.c.obj
LOAD CMakeFiles/main.dir/C_/Program_Files/pico-sdk-master/src/rp2_common/hardware_gpio/gpio.c.obj
LOAD CMakeFiles/main.dir/C_/Program_Files/pico-sdk-master/src/rp2_common/pico_platform/platform.c.obj
LOAD CMakeFiles/main.dir/C_/Program_Files/pico-sdk-master/src/rp2_common/hardware_claim/claim.c.obj
LOAD CMakeFiles/main.dir/C_/Program_Files/pico-sdk-master/src/rp2_common/hardware_sync/sync.c.obj
LOAD CMakeFiles/main.dir/C_/Program_Files/pico-sdk-master/src/rp2_common/hardware_irq/irq.c.obj
LOAD CMakeFiles/main.dir/C_/Program_Files/pico-sdk-master/src/rp2_common/hardware_irq/irq_handler_chain.S.obj
LOAD CMakeFiles/main.dir/C_/Program_Files/pico-sdk-master/src/common/pico_sync/sem.c.obj
LOAD CMakeFiles/main.dir/C_/Program_Files/pico-sdk-master/src/common/pico_sync/lock_core.c.obj
LOAD CMakeFiles/main.dir/C_/Program_Files/pico-sdk-master/src/common/pico_sync/mutex.c.obj
LOAD CMakeFiles/main.dir/C_/Program_Files/pico-sdk-master/src/common/pico_sync/critical_section.c.obj
LOAD CMakeFiles/main.dir/C_/Program_Files/pico-sdk-master/src/common/pico_time/time.c.obj
LOAD CMakeFiles/main.dir/C_/Program_Files/pico-sdk-master/src/common/pico_time/timeout_helper.c.obj
LOAD CMakeFiles/main.dir/C_/Program_Files/pico-sdk-master/src/rp2_common/hardware_timer/timer.c.obj
LOAD CMakeFiles/main.dir/C_/Program_Files/pico-sdk-master/src/common/pico_util/datetime.c.obj
LOAD CMakeFiles/main.dir/C_/Program_Files/pico-sdk-master/src/common/pico_util/pheap.c.obj
LOAD CMakeFiles/main.dir/C_/Program_Files/pico-sdk-master/src/common/pico_util/queue.c.obj
LOAD CMakeFiles/main.dir/C_/Program_Files/pico-sdk-master/src/rp2_common/hardware_uart/uart.c.obj
LOAD CMakeFiles/main.dir/C_/Program_Files/pico-sdk-master/src/rp2_common/hardware_clocks/clocks.c.obj
LOAD CMakeFiles/main.dir/C_/Program_Files/pico-sdk-master/src/rp2_common/hardware_pll/pll.c.obj
LOAD CMakeFiles/main.dir/C_/Program_Files/pico-sdk-master/src/rp2_common/hardware_vreg/vreg.c.obj
LOAD CMakeFiles/main.dir/C_/Program_Files/pico-sdk-master/src/rp2_common/hardware_watchdog/watchdog.c.obj
LOAD CMakeFiles/main.dir/C_/Program_Files/pico-sdk-master/src/rp2_common/hardware_xosc/xosc.c.obj
LOAD CMakeFiles/main.dir/C_/Program_Files/pico-sdk-master/src/rp2_common/hardware_divider/divider.S.obj
LOAD CMakeFiles/main.dir/C_/Program_Files/pico-sdk-master/src/rp2_common/pico_runtime/runtime.c.obj
LOAD CMakeFiles/main.dir/C_/Program_Files/pico-sdk-master/src/rp2_common/pico_printf/printf.c.obj
LOAD CMakeFiles/main.dir/C_/Program_Files/pico-sdk-master/src/rp2_common/pico_bit_ops/bit_ops_aeabi.S.obj
LOAD CMakeFiles/main.dir/C_/Program_Files/pico-sdk-master/src/rp2_common/pico_bootrom/bootrom.c.obj
LOAD CMakeFiles/main.dir/C_/Program_Files/pico-sdk-master/src/rp2_common/pico_divider/divider.S.obj
LOAD CMakeFiles/main.dir/C_/Program_Files/pico-sdk-master/src/rp2_common/pico_double/double_aeabi.S.obj
LOAD CMakeFiles/main.dir/C_/Program_Files/pico-sdk-master/src/rp2_common/pico_double/double_init_rom.c.obj
LOAD CMakeFiles/main.dir/C_/Program_Files/pico-sdk-master/src/rp2_common/pico_double/double_math.c.obj
LOAD CMakeFiles/main.dir/C_/Program_Files/pico-sdk-master/src/rp2_common/pico_double/double_v1_rom_shim.S.obj
LOAD CMakeFiles/main.dir/C_/Program_Files/pico-sdk-master/src/rp2_common/pico_int64_ops/pico_int64_ops_aeabi.S.obj
LOAD CMakeFiles/main.dir/C_/Program_Files/pico-sdk-master/src/rp2_common/pico_float/float_aeabi.S.obj
LOAD CMakeFiles/main.dir/C_/Program_Files/pico-sdk-master/src/rp2_common/pico_float/float_init_rom.c.obj
LOAD CMakeFiles/main.dir/C_/Program_Files/pico-sdk-master/src/rp2_common/pico_float/float_math.c.obj
LOAD CMakeFiles/main.dir/C_/Program_Files/pico-sdk-master/src/rp2_common/pico_float/float_v1_rom_shim.S.obj
LOAD CMakeFiles/main.dir/C_/Program_Files/pico-sdk-master/src/rp2_common/pico_malloc/pico_malloc.c.obj
LOAD CMakeFiles/main.dir/C_/Program_Files/pico-sdk-master/src/rp2_common/pico_mem_ops/mem_ops_aeabi.S.obj
LOAD CMakeFiles/main.dir/C_/Program_Files/pico-sdk-master/src/rp2_common/pico_standard_link/crt0.S.obj
LOAD CMakeFiles/main.dir/C_/Program_Files/pico-sdk-master/src/rp2_common/pico_standard_link/new_delete.cpp.obj
LOAD CMakeFiles/main.dir/C_/Program_Files/pico-sdk-master/src/rp2_common/pico_standard_link/binary_info.c.obj
LOAD CMakeFiles/main.dir/C_/Program_Files/pico-sdk-master/src/rp2_common/pico_stdio/stdio.c.obj
LOAD CMakeFiles/main.dir/C_/Program_Files/pico-sdk-master/src/rp2_common/pico_i2c_slave/i2c_slave.c.obj
LOAD CMakeFiles/main.dir/C_/Program_Files/pico-sdk-master/src/rp2_common/hardware_i2c/i2c.c.obj
LOAD CMakeFiles/main.dir/C_/Program_Files/pico-sdk-master/src/rp2_common/pico_multicore/multicore.c.obj
LOAD CMakeFiles/main.dir/C_/Program_Files/pico-sdk-master/src/rp2_common/hardware_pio/pio.c.obj
LOAD CMakeFiles/main.dir/C_/Program_Files/pico-sdk-master/src/rp2_common/hardware_exception/exception.c.obj
LOAD C:\Users\cadix\AppData\Local\Temp\ccWKpfn9.o
LOAD c:/progra~1/raspberry pi/pico sdk v1.5.1/gcc-arm-none-eabi/bin/../lib/gcc/arm-none-eabi/10.3.1/../../../../arm-none-eabi/lib/thumb/v6-m/nofp\libstdc++.a
LOAD c:/progra~1/raspberry pi/pico sdk v1.5.1/gcc-arm-none-eabi/bin/../lib/gcc/arm-none-eabi/10.3.1/../../../../arm-none-eabi/lib/thumb/v6-m/nofp\libm.a
START GROUP
LOAD c:/progra~1/raspberry pi/pico sdk v1.5.1/gcc-arm-none-eabi/bin/../lib/gcc/arm-none-eabi/10.3.1/thumb/v6-m/nofp\libgcc.a
LOAD c:/progra~1/raspberry pi/pico sdk v1.5.1/gcc-arm-none-eabi/bin/../lib/gcc/arm-none-eabi/10.3.1/../../../../arm-none-eabi/lib/thumb/v6-m/nofp\libg.a
LOAD c:/progra~1/raspberry pi/pico sdk v1.5.1/gcc-arm-none-eabi/bin/../lib/gcc/arm-none-eabi/10.3.1/../../../../arm-none-eabi/lib/thumb/v6-m/nofp\libc.a
END GROUP
START GROUP
LOAD c:/progra~1/raspberry pi/pico sdk v1.5.1/gcc-arm-none-eabi/bin/../lib/gcc/arm-none-eabi/10.3.1/thumb/v6-m/nofp\libgcc.a
LOAD c:/progra~1/raspberry pi/pico sdk v1.5.1/gcc-arm-none-eabi/bin/../lib/gcc/arm-none-eabi/10.3.1/../../../../arm-none-eabi/lib/thumb/v6-m/nofp\libc.a
LOAD c:/progra~1/raspberry pi/pico sdk v1.5.1/gcc-arm-none-eabi/bin/../lib/gcc/arm-none-eabi/10.3.1/../../../../arm-none-eabi/lib/thumb/v6-m/nofp\libnosys.a
END GROUP
LOAD c:/progra~1/raspberry pi/pico sdk v1.5.1/gcc-arm-none-eabi/bin/../lib/gcc/arm-none-eabi/10.3.1/thumb/v6-m/nofp/crtend.o
LOAD c:/progra~1/raspberry pi/pico sdk v1.5.1/gcc-arm-none-eabi/bin/../lib/gcc/arm-none-eabi/10.3.1/thumb/v6-m/nofp/crtn.o
OUTPUT(main.elf elf32-littlearm)
LOAD linker stubs

.ARM.attributes
                0x00000000       0x28
 .ARM.attributes
                0x00000000       0x1e c:/progra~1/raspberry pi/pico sdk v1.5.1/gcc-arm-none-eabi/bin/../lib/gcc/arm-none-eabi/10.3.1/thumb/v6-m/nofp/crti.o
 .ARM.attributes
                0x0000001e       0x2c c:/progra~1/raspberry pi/pico sdk v1.5.1/gcc-arm-none-eabi/bin/../lib/gcc/arm-none-eabi/10.3.1/thumb/v6-m/nofp/crtbegin.o
 .ARM.attributes
                0x0000004a       0x28 CMakeFiles/main.dir/main.cpp.obj
 .ARM.attributes
                0x00000072       0x28 CMakeFiles/main.dir/C_/Program_Files/pico-sdk-master/src/rp2_common/hardware_gpio/gpio.c.obj
 .ARM.attributes
                0x0000009a       0x28 CMakeFiles/main.dir/C_/Program_Files/pico-sdk-master/src/rp2_common/pico_platform/platform.c.obj
 .ARM.attributes
                0x000000c2       0x28 CMakeFiles/main.dir/C_/Program_Files/pico-sdk-master/src/rp2_common/hardware_claim/claim.c.obj
 .ARM.attributes
                0x000000ea       0x28 CMakeFiles/main.dir/C_/Program_Files/pico-sdk-master/src/rp2_common/hardware_sync/sync.c.obj
 .ARM.attributes
                0x00000112       0x28 CMakeFiles/main.dir/C_/Program_Files/pico-sdk-master/src/rp2_common/hardware_irq/irq.c.obj
 .ARM.attributes
                0x0000013a       0x22 CMakeFiles/main.dir/C_/Program_Files/pico-sdk-master/src/rp2_common/hardware_irq/irq_handler_chain.S.obj
 .ARM.attributes
                0x0000015c       0x28 CMakeFiles/main.dir/C_/Program_Files/pico-sdk-master/src/common/pico_sync/lock_core.c.obj
 .ARM.attributes
                0x00000184       0x28 CMakeFiles/main.dir/C_/Program_Files/pico-sdk-master/src/common/pico_sync/mutex.c.obj
 .ARM.attributes
                0x000001ac       0x28 CMakeFiles/main.dir/C_/Program_Files/pico-sdk-master/src/common/pico_time/time.c.obj
 .ARM.attributes
                0x000001d4       0x28 CMakeFiles/main.dir/C_/Program_Files/pico-sdk-master/src/rp2_common/hardware_timer/timer.c.obj
 .ARM.attributes
                0x000001fc       0x28 CMakeFiles/main.dir/C_/Program_Files/pico-sdk-master/src/common/pico_util/pheap.c.obj
 .ARM.attributes
                0x00000224       0x28 CMakeFiles/main.dir/C_/Program_Files/pico-sdk-master/src/rp2_common/hardware_clocks/clocks.c.obj
 .ARM.attributes
                0x0000024c       0x28 CMakeFiles/main.dir/C_/Program_Files/pico-sdk-master/src/rp2_common/hardware_pll/pll.c.obj
 .ARM.attributes
                0x00000274       0x28 CMakeFiles/main.dir/C_/Program_Files/pico-sdk-master/src/rp2_common/hardware_watchdog/watchdog.c.obj
 .ARM.attributes
                0x0000029c       0x28 CMakeFiles/main.dir/C_/Program_Files/pico-sdk-master/src/rp2_common/hardware_xosc/xosc.c.obj
 .ARM.attributes
                0x000002c4       0x28 CMakeFiles/main.dir/C_/Program_Files/pico-sdk-master/src/rp2_common/pico_runtime/runtime.c.obj
 .ARM.attributes
                0x000002ec       0x28 CMakeFiles/main.dir/C_/Program_Files/pico-sdk-master/src/rp2_common/pico_printf/printf.c.obj
 .ARM.attributes
                0x00000314       0x22 CMakeFiles/main.dir/C_/Program_Files/pico-sdk-master/src/rp2_common/pico_bit_ops/bit_ops_aeabi.S.obj
 .ARM.attributes
                0x00000336       0x28 CMakeFiles/main.dir/C_/Program_Files/pico-sdk-master/src/rp2_common/pico_bootrom/bootrom.c.obj
 .ARM.attributes
                0x0000035e       0x22 CMakeFiles/main.dir/C_/Program_Files/pico-sdk-master/src/rp2_common/pico_divider/divider.S.obj
 .ARM.attributes
                0x00000380       0x22 CMakeFiles/main.dir/C_/Program_Files/pico-sdk-master/src/rp2_common/pico_double/double_aeabi.S.obj
 .ARM.attributes
                0x000003a2       0x28 CMakeFiles/main.dir/C_/Program_Files/pico-sdk-master/src/rp2_common/pico_double/double_init_rom.c.obj
 .ARM.attributes
                0x000003ca       0x22 CMakeFiles/main.dir/C_/Program_Files/pico-sdk-master/src/rp2_common/pico_double/double_v1_rom_shim.S.obj
 .ARM.attributes
                0x000003ec       0x22 CMakeFiles/main.dir/C_/Program_Files/pico-sdk-master/src/rp2_common/pico_int64_ops/pico_int64_ops_aeabi.S.obj
 .ARM.attributes
                0x0000040e       0x22 CMakeFiles/main.dir/C_/Program_Files/pico-sdk-master/src/rp2_common/pico_float/float_aeabi.S.obj
 .ARM.attributes
                0x00000430       0x28 CMakeFiles/main.dir/C_/Program_Files/pico-sdk-master/src/rp2_common/pico_float/float_init_rom.c.obj
 .ARM.attributes
                0x00000458       0x22 CMakeFiles/main.dir/C_/Program_Files/pico-sdk-master/src/rp2_common/pico_float/float_v1_rom_shim.S.obj
 .ARM.attributes
                0x0000047a       0x28 CMakeFiles/main.dir/C_/Program_Files/pico-sdk-master/src/rp2_common/pico_malloc/pico_malloc.c.obj
 .ARM.attributes
                0x000004a2       0x22 CMakeFiles/main.dir/C_/Program_Files/pico-sdk-master/src/rp2_common/pico_mem_ops/mem_ops_aeabi.S.obj
 .ARM.attributes
                0x000004c4       0x22 CMakeFiles/main.dir/C_/Program_Files/pico-sdk-master/src/rp2_common/pico_standard_link/crt0.S.obj
 .ARM.attributes
                0x000004e6       0x28 CMakeFiles/main.dir/C_/Program_Files/pico-sdk-master/src/rp2_common/pico_standard_link/binary_info.c.obj
 .ARM.attributes
                0x0000050e       0x28 CMakeFiles/main.dir/C_/Program_Files/pico-sdk-master/src/rp2_common/pico_stdio/stdio.c.obj
 .ARM.attributes
                0x00000536       0x28 CMakeFiles/main.dir/C_/Program_Files/pico-sdk-master/src/rp2_common/pico_multicore/multicore.c.obj
 .ARM.attributes
                0x0000055e       0x22 C:\Users\cadix\AppData\Local\Temp\ccWKpfn9.o
 .ARM.attributes
                0x00000580       0x1e c:/progra~1/raspberry pi/pico sdk v1.5.1/gcc-arm-none-eabi/bin/../lib/gcc/arm-none-eabi/10.3.1/thumb/v6-m/nofp\libgcc.a(_dvmd_tls.o)
 .ARM.attributes
                0x0000059e       0x2c c:/progra~1/raspberry pi/pico sdk v1.5.1/gcc-arm-none-eabi/bin/../lib/gcc/arm-none-eabi/10.3.1/../../../../arm-none-eabi/lib/thumb/v6-m/nofp\libg.a(lib_a-strlen-stub.o)

.comment        0x00000000       0x49
 .comment       0x00000000       0x49 CMakeFiles/main.dir/main.cpp.obj
                                 0x4a (size before relaxing)
 .comment       0x00000049       0x4a CMakeFiles/main.dir/C_/Program_Files/pico-sdk-master/src/rp2_common/hardware_gpio/gpio.c.obj
 .comment       0x00000049       0x4a CMakeFiles/main.dir/C_/Program_Files/pico-sdk-master/src/rp2_common/pico_platform/platform.c.obj
 .comment       0x00000049       0x4a CMakeFiles/main.dir/C_/Program_Files/pico-sdk-master/src/rp2_common/hardware_claim/claim.c.obj
 .comment       0x00000049       0x4a CMakeFiles/main.dir/C_/Program_Files/pico-sdk-master/src/rp2_common/hardware_sync/sync.c.obj
 .comment       0x00000049       0x4a CMakeFiles/main.dir/C_/Program_Files/pico-sdk-master/src/rp2_common/hardware_irq/irq.c.obj
 .comment       0x00000049       0x4a CMakeFiles/main.dir/C_/Program_Files/pico-sdk-master/src/common/pico_sync/lock_core.c.obj
 .comment       0x00000049       0x4a CMakeFiles/main.dir/C_/Program_Files/pico-sdk-master/src/common/pico_sync/mutex.c.obj
 .comment       0x00000049       0x4a CMakeFiles/main.dir/C_/Program_Files/pico-sdk-master/src/common/pico_time/time.c.obj
 .comment       0x00000049       0x4a CMakeFiles/main.dir/C_/Program_Files/pico-sdk-master/src/rp2_common/hardware_timer/timer.c.obj
 .comment       0x00000049       0x4a CMakeFiles/main.dir/C_/Program_Files/pico-sdk-master/src/common/pico_util/pheap.c.obj
 .comment       0x00000049       0x4a CMakeFiles/main.dir/C_/Program_Files/pico-sdk-master/src/rp2_common/hardware_clocks/clocks.c.obj
 .comment       0x00000049       0x4a CMakeFiles/main.dir/C_/Program_Files/pico-sdk-master/src/rp2_common/hardware_pll/pll.c.obj
 .comment       0x00000049       0x4a CMakeFiles/main.dir/C_/Program_Files/pico-sdk-master/src/rp2_common/hardware_watchdog/watchdog.c.obj
 .comment       0x00000049       0x4a CMakeFiles/main.dir/C_/Program_Files/pico-sdk-master/src/rp2_common/hardware_xosc/xosc.c.obj
 .comment       0x00000049       0x4a CMakeFiles/main.dir/C_/Program_Files/pico-sdk-master/src/rp2_common/pico_runtime/runtime.c.obj
 .comment       0x00000049       0x4a CMakeFiles/main.dir/C_/Program_Files/pico-sdk-master/src/rp2_common/pico_printf/printf.c.obj
 .comment       0x00000049       0x4a CMakeFiles/main.dir/C_/Program_Files/pico-sdk-master/src/rp2_common/pico_bootrom/bootrom.c.obj
 .comment       0x00000049       0x4a CMakeFiles/main.dir/C_/Program_Files/pico-sdk-master/src/rp2_common/pico_double/double_init_rom.c.obj
 .comment       0x00000049       0x4a CMakeFiles/main.dir/C_/Program_Files/pico-sdk-master/src/rp2_common/pico_float/float_init_rom.c.obj
 .comment       0x00000049       0x4a CMakeFiles/main.dir/C_/Program_Files/pico-sdk-master/src/rp2_common/pico_malloc/pico_malloc.c.obj
 .comment       0x00000049       0x4a CMakeFiles/main.dir/C_/Program_Files/pico-sdk-master/src/rp2_common/pico_standard_link/binary_info.c.obj
 .comment       0x00000049       0x4a CMakeFiles/main.dir/C_/Program_Files/pico-sdk-master/src/rp2_common/pico_stdio/stdio.c.obj
 .comment       0x00000049       0x4a CMakeFiles/main.dir/C_/Program_Files/pico-sdk-master/src/rp2_common/pico_multicore/multicore.c.obj

.debug_info     0x00000000    0x1baca
 .debug_info    0x00000000      0x653 CMakeFiles/main.dir/main.cpp.obj
 .debug_info    0x00000653     0x209d CMakeFiles/main.dir/C_/Program_Files/pico-sdk-master/src/rp2_common/hardware_gpio/gpio.c.obj
 .debug_info    0x000026f0      0x1e3 CMakeFiles/main.dir/C_/Program_Files/pico-sdk-master/src/rp2_common/pico_platform/platform.c.obj
 .debug_info    0x000028d3      0xaf4 CMakeFiles/main.dir/C_/Program_Files/pico-sdk-master/src/rp2_common/hardware_claim/claim.c.obj
 .debug_info    0x000033c7      0x5bf CMakeFiles/main.dir/C_/Program_Files/pico-sdk-master/src/rp2_common/hardware_sync/sync.c.obj
 .debug_info    0x00003986     0x21d4 CMakeFiles/main.dir/C_/Program_Files/pico-sdk-master/src/rp2_common/hardware_irq/irq.c.obj
 .debug_info    0x00005b5a      0x1a5 CMakeFiles/main.dir/C_/Program_Files/pico-sdk-master/src/common/pico_sync/lock_core.c.obj
 .debug_info    0x00005cff     0x2124 CMakeFiles/main.dir/C_/Program_Files/pico-sdk-master/src/common/pico_sync/mutex.c.obj
 .debug_info    0x00007e23     0x51ee CMakeFiles/main.dir/C_/Program_Files/pico-sdk-master/src/common/pico_time/time.c.obj
 .debug_info    0x0000d011     0x17ec CMakeFiles/main.dir/C_/Program_Files/pico-sdk-master/src/rp2_common/hardware_timer/timer.c.obj
 .debug_info    0x0000e7fd     0x25f6 CMakeFiles/main.dir/C_/Program_Files/pico-sdk-master/src/common/pico_util/pheap.c.obj
 .debug_info    0x00010df3     0x197b CMakeFiles/main.dir/C_/Program_Files/pico-sdk-master/src/rp2_common/hardware_clocks/clocks.c.obj
 .debug_info    0x0001276e      0x4d7 CMakeFiles/main.dir/C_/Program_Files/pico-sdk-master/src/rp2_common/hardware_pll/pll.c.obj
 .debug_info    0x00012c45      0x855 CMakeFiles/main.dir/C_/Program_Files/pico-sdk-master/src/rp2_common/hardware_watchdog/watchdog.c.obj
 .debug_info    0x0001349a      0x1d4 CMakeFiles/main.dir/C_/Program_Files/pico-sdk-master/src/rp2_common/hardware_xosc/xosc.c.obj
 .debug_info    0x0001366e      0xfe1 CMakeFiles/main.dir/C_/Program_Files/pico-sdk-master/src/rp2_common/pico_runtime/runtime.c.obj
 .debug_info    0x0001464f     0x1f10 CMakeFiles/main.dir/C_/Program_Files/pico-sdk-master/src/rp2_common/pico_printf/printf.c.obj
 .debug_info    0x0001655f       0x22 CMakeFiles/main.dir/C_/Program_Files/pico-sdk-master/src/rp2_common/pico_bit_ops/bit_ops_aeabi.S.obj
 .debug_info    0x00016581      0x2e3 CMakeFiles/main.dir/C_/Program_Files/pico-sdk-master/src/rp2_common/pico_bootrom/bootrom.c.obj
 .debug_info    0x00016864       0x22 CMakeFiles/main.dir/C_/Program_Files/pico-sdk-master/src/rp2_common/pico_divider/divider.S.obj
 .debug_info    0x00016886       0x22 CMakeFiles/main.dir/C_/Program_Files/pico-sdk-master/src/rp2_common/pico_double/double_aeabi.S.obj
 .debug_info    0x000168a8      0x2c6 CMakeFiles/main.dir/C_/Program_Files/pico-sdk-master/src/rp2_common/pico_double/double_init_rom.c.obj
 .debug_info    0x00016b6e       0x22 CMakeFiles/main.dir/C_/Program_Files/pico-sdk-master/src/rp2_common/pico_double/double_v1_rom_shim.S.obj
 .debug_info    0x00016b90       0x26 CMakeFiles/main.dir/C_/Program_Files/pico-sdk-master/src/rp2_common/pico_int64_ops/pico_int64_ops_aeabi.S.obj
 .debug_info    0x00016bb6       0x22 CMakeFiles/main.dir/C_/Program_Files/pico-sdk-master/src/rp2_common/pico_float/float_aeabi.S.obj
 .debug_info    0x00016bd8      0x2dc CMakeFiles/main.dir/C_/Program_Files/pico-sdk-master/src/rp2_common/pico_float/float_init_rom.c.obj
 .debug_info    0x00016eb4       0x22 CMakeFiles/main.dir/C_/Program_Files/pico-sdk-master/src/rp2_common/pico_float/float_v1_rom_shim.S.obj
 .debug_info    0x00016ed6      0x4a6 CMakeFiles/main.dir/C_/Program_Files/pico-sdk-master/src/rp2_common/pico_malloc/pico_malloc.c.obj
 .debug_info    0x0001737c       0x22 CMakeFiles/main.dir/C_/Program_Files/pico-sdk-master/src/rp2_common/pico_mem_ops/mem_ops_aeabi.S.obj
 .debug_info    0x0001739e       0x22 CMakeFiles/main.dir/C_/Program_Files/pico-sdk-master/src/rp2_common/pico_standard_link/crt0.S.obj
 .debug_info    0x000173c0      0x2fb CMakeFiles/main.dir/C_/Program_Files/pico-sdk-master/src/rp2_common/pico_standard_link/binary_info.c.obj
 .debug_info    0x000176bb     0x2252 CMakeFiles/main.dir/C_/Program_Files/pico-sdk-master/src/rp2_common/pico_stdio/stdio.c.obj
 .debug_info    0x0001990d     0x21bd CMakeFiles/main.dir/C_/Program_Files/pico-sdk-master/src/rp2_common/pico_multicore/multicore.c.obj

.debug_abbrev   0x00000000     0x4861
 .debug_abbrev  0x00000000      0x1d5 CMakeFiles/main.dir/main.cpp.obj
 .debug_abbrev  0x000001d5      0x406 CMakeFiles/main.dir/C_/Program_Files/pico-sdk-master/src/rp2_common/hardware_gpio/gpio.c.obj
 .debug_abbrev  0x000005db       0xeb CMakeFiles/main.dir/C_/Program_Files/pico-sdk-master/src/rp2_common/pico_platform/platform.c.obj
 .debug_abbrev  0x000006c6      0x323 CMakeFiles/main.dir/C_/Program_Files/pico-sdk-master/src/rp2_common/hardware_claim/claim.c.obj
 .debug_abbrev  0x000009e9      0x25f CMakeFiles/main.dir/C_/Program_Files/pico-sdk-master/src/rp2_common/hardware_sync/sync.c.obj
 .debug_abbrev  0x00000c48      0x4fc CMakeFiles/main.dir/C_/Program_Files/pico-sdk-master/src/rp2_common/hardware_irq/irq.c.obj
 .debug_abbrev  0x00001144      0x11b CMakeFiles/main.dir/C_/Program_Files/pico-sdk-master/src/common/pico_sync/lock_core.c.obj
 .debug_abbrev  0x0000125f      0x3d1 CMakeFiles/main.dir/C_/Program_Files/pico-sdk-master/src/common/pico_sync/mutex.c.obj
 .debug_abbrev  0x00001630      0x602 CMakeFiles/main.dir/C_/Program_Files/pico-sdk-master/src/common/pico_time/time.c.obj
 .debug_abbrev  0x00001c32      0x419 CMakeFiles/main.dir/C_/Program_Files/pico-sdk-master/src/rp2_common/hardware_timer/timer.c.obj
 .debug_abbrev  0x0000204b      0x312 CMakeFiles/main.dir/C_/Program_Files/pico-sdk-master/src/common/pico_util/pheap.c.obj
 .debug_abbrev  0x0000235d      0x467 CMakeFiles/main.dir/C_/Program_Files/pico-sdk-master/src/rp2_common/hardware_clocks/clocks.c.obj
 .debug_abbrev  0x000027c4      0x1f7 CMakeFiles/main.dir/C_/Program_Files/pico-sdk-master/src/rp2_common/hardware_pll/pll.c.obj
 .debug_abbrev  0x000029bb      0x221 CMakeFiles/main.dir/C_/Program_Files/pico-sdk-master/src/rp2_common/hardware_watchdog/watchdog.c.obj
 .debug_abbrev  0x00002bdc      0x107 CMakeFiles/main.dir/C_/Program_Files/pico-sdk-master/src/rp2_common/hardware_xosc/xosc.c.obj
 .debug_abbrev  0x00002ce3      0x500 CMakeFiles/main.dir/C_/Program_Files/pico-sdk-master/src/rp2_common/pico_runtime/runtime.c.obj
 .debug_abbrev  0x000031e3      0x45f CMakeFiles/main.dir/C_/Program_Files/pico-sdk-master/src/rp2_common/pico_printf/printf.c.obj
 .debug_abbrev  0x00003642       0x12 CMakeFiles/main.dir/C_/Program_Files/pico-sdk-master/src/rp2_common/pico_bit_ops/bit_ops_aeabi.S.obj
 .debug_abbrev  0x00003654      0x175 CMakeFiles/main.dir/C_/Program_Files/pico-sdk-master/src/rp2_common/pico_bootrom/bootrom.c.obj
 .debug_abbrev  0x000037c9       0x12 CMakeFiles/main.dir/C_/Program_Files/pico-sdk-master/src/rp2_common/pico_divider/divider.S.obj
 .debug_abbrev  0x000037db       0x12 CMakeFiles/main.dir/C_/Program_Files/pico-sdk-master/src/rp2_common/pico_double/double_aeabi.S.obj
 .debug_abbrev  0x000037ed      0x174 CMakeFiles/main.dir/C_/Program_Files/pico-sdk-master/src/rp2_common/pico_double/double_init_rom.c.obj
 .debug_abbrev  0x00003961       0x12 CMakeFiles/main.dir/C_/Program_Files/pico-sdk-master/src/rp2_common/pico_double/double_v1_rom_shim.S.obj
 .debug_abbrev  0x00003973       0x14 CMakeFiles/main.dir/C_/Program_Files/pico-sdk-master/src/rp2_common/pico_int64_ops/pico_int64_ops_aeabi.S.obj
 .debug_abbrev  0x00003987       0x12 CMakeFiles/main.dir/C_/Program_Files/pico-sdk-master/src/rp2_common/pico_float/float_aeabi.S.obj
 .debug_abbrev  0x00003999      0x18c CMakeFiles/main.dir/C_/Program_Files/pico-sdk-master/src/rp2_common/pico_float/float_init_rom.c.obj
 .debug_abbrev  0x00003b25       0x12 CMakeFiles/main.dir/C_/Program_Files/pico-sdk-master/src/rp2_common/pico_float/float_v1_rom_shim.S.obj
 .debug_abbrev  0x00003b37      0x1cf CMakeFiles/main.dir/C_/Program_Files/pico-sdk-master/src/rp2_common/pico_malloc/pico_malloc.c.obj
 .debug_abbrev  0x00003d06       0x12 CMakeFiles/main.dir/C_/Program_Files/pico-sdk-master/src/rp2_common/pico_mem_ops/mem_ops_aeabi.S.obj
 .debug_abbrev  0x00003d18       0x12 CMakeFiles/main.dir/C_/Program_Files/pico-sdk-master/src/rp2_common/pico_standard_link/crt0.S.obj
 .debug_abbrev  0x00003d2a       0xad CMakeFiles/main.dir/C_/Program_Files/pico-sdk-master/src/rp2_common/pico_standard_link/binary_info.c.obj
 .debug_abbrev  0x00003dd7      0x555 CMakeFiles/main.dir/C_/Program_Files/pico-sdk-master/src/rp2_common/pico_stdio/stdio.c.obj
 .debug_abbrev  0x0000432c      0x535 CMakeFiles/main.dir/C_/Program_Files/pico-sdk-master/src/rp2_common/pico_multicore/multicore.c.obj

.debug_loc      0x00000000    0x17982
 .debug_loc     0x00000000      0x114 CMakeFiles/main.dir/main.cpp.obj
 .debug_loc     0x00000114     0x235d CMakeFiles/main.dir/C_/Program_Files/pico-sdk-master/src/rp2_common/hardware_gpio/gpio.c.obj
 .debug_loc     0x00002471       0xde CMakeFiles/main.dir/C_/Program_Files/pico-sdk-master/src/rp2_common/pico_platform/platform.c.obj
 .debug_loc     0x0000254f      0x726 CMakeFiles/main.dir/C_/Program_Files/pico-sdk-master/src/rp2_common/hardware_claim/claim.c.obj
 .debug_loc     0x00002c75      0x226 CMakeFiles/main.dir/C_/Program_Files/pico-sdk-master/src/rp2_common/hardware_sync/sync.c.obj
 .debug_loc     0x00002e9b     0x1c0f CMakeFiles/main.dir/C_/Program_Files/pico-sdk-master/src/rp2_common/hardware_irq/irq.c.obj
 .debug_loc     0x00004aaa       0x4d CMakeFiles/main.dir/C_/Program_Files/pico-sdk-master/src/common/pico_sync/lock_core.c.obj
 .debug_loc     0x00004af7     0x15ba CMakeFiles/main.dir/C_/Program_Files/pico-sdk-master/src/common/pico_sync/mutex.c.obj
 .debug_loc     0x000060b1     0x4436 CMakeFiles/main.dir/C_/Program_Files/pico-sdk-master/src/common/pico_time/time.c.obj
 .debug_loc     0x0000a4e7      0xffc CMakeFiles/main.dir/C_/Program_Files/pico-sdk-master/src/rp2_common/hardware_timer/timer.c.obj
 .debug_loc     0x0000b4e3     0x3376 CMakeFiles/main.dir/C_/Program_Files/pico-sdk-master/src/common/pico_util/pheap.c.obj
 .debug_loc     0x0000e859     0x13d6 CMakeFiles/main.dir/C_/Program_Files/pico-sdk-master/src/rp2_common/hardware_clocks/clocks.c.obj
 .debug_loc     0x0000fc2f      0x29c CMakeFiles/main.dir/C_/Program_Files/pico-sdk-master/src/rp2_common/hardware_pll/pll.c.obj
 .debug_loc     0x0000fecb      0x699 CMakeFiles/main.dir/C_/Program_Files/pico-sdk-master/src/rp2_common/hardware_watchdog/watchdog.c.obj
 .debug_loc     0x00010564       0x71 CMakeFiles/main.dir/C_/Program_Files/pico-sdk-master/src/rp2_common/hardware_xosc/xosc.c.obj
 .debug_loc     0x000105d5      0x716 CMakeFiles/main.dir/C_/Program_Files/pico-sdk-master/src/rp2_common/pico_runtime/runtime.c.obj
 .debug_loc     0x00010ceb     0x3a59 CMakeFiles/main.dir/C_/Program_Files/pico-sdk-master/src/rp2_common/pico_printf/printf.c.obj
 .debug_loc     0x00014744      0x291 CMakeFiles/main.dir/C_/Program_Files/pico-sdk-master/src/rp2_common/pico_bootrom/bootrom.c.obj
 .debug_loc     0x000149d5       0x51 CMakeFiles/main.dir/C_/Program_Files/pico-sdk-master/src/rp2_common/pico_double/double_init_rom.c.obj
 .debug_loc     0x00014a26       0x9c CMakeFiles/main.dir/C_/Program_Files/pico-sdk-master/src/rp2_common/pico_float/float_init_rom.c.obj
 .debug_loc     0x00014ac2      0x2dc CMakeFiles/main.dir/C_/Program_Files/pico-sdk-master/src/rp2_common/pico_malloc/pico_malloc.c.obj
 .debug_loc     0x00014d9e     0x1999 CMakeFiles/main.dir/C_/Program_Files/pico-sdk-master/src/rp2_common/pico_stdio/stdio.c.obj
 .debug_loc     0x00016737     0x124b CMakeFiles/main.dir/C_/Program_Files/pico-sdk-master/src/rp2_common/pico_multicore/multicore.c.obj

.debug_aranges  0x00000000      0xea0
 .debug_aranges
                0x00000000       0x20 CMakeFiles/main.dir/main.cpp.obj
 .debug_aranges
                0x00000020      0x100 CMakeFiles/main.dir/C_/Program_Files/pico-sdk-master/src/rp2_common/hardware_gpio/gpio.c.obj
 .debug_aranges
                0x00000120       0x28 CMakeFiles/main.dir/C_/Program_Files/pico-sdk-master/src/rp2_common/pico_platform/platform.c.obj
 .debug_aranges
                0x00000148       0x48 CMakeFiles/main.dir/C_/Program_Files/pico-sdk-master/src/rp2_common/hardware_claim/claim.c.obj
 .debug_aranges
                0x00000190       0x58 CMakeFiles/main.dir/C_/Program_Files/pico-sdk-master/src/rp2_common/hardware_sync/sync.c.obj
 .debug_aranges
                0x000001e8       0xb8 CMakeFiles/main.dir/C_/Program_Files/pico-sdk-master/src/rp2_common/hardware_irq/irq.c.obj
 .debug_aranges
                0x000002a0       0x20 CMakeFiles/main.dir/C_/Program_Files/pico-sdk-master/src/common/pico_sync/lock_core.c.obj
 .debug_aranges
                0x000002c0       0x98 CMakeFiles/main.dir/C_/Program_Files/pico-sdk-master/src/common/pico_sync/mutex.c.obj
 .debug_aranges
                0x00000358      0x100 CMakeFiles/main.dir/C_/Program_Files/pico-sdk-master/src/common/pico_time/time.c.obj
 .debug_aranges
                0x00000458       0x90 CMakeFiles/main.dir/C_/Program_Files/pico-sdk-master/src/rp2_common/hardware_timer/timer.c.obj
 .debug_aranges
                0x000004e8       0x78 CMakeFiles/main.dir/C_/Program_Files/pico-sdk-master/src/common/pico_util/pheap.c.obj
 .debug_aranges
                0x00000560       0x68 CMakeFiles/main.dir/C_/Program_Files/pico-sdk-master/src/rp2_common/hardware_clocks/clocks.c.obj
 .debug_aranges
                0x000005c8       0x28 CMakeFiles/main.dir/C_/Program_Files/pico-sdk-master/src/rp2_common/hardware_pll/pll.c.obj
 .debug_aranges
                0x000005f0       0x58 CMakeFiles/main.dir/C_/Program_Files/pico-sdk-master/src/rp2_common/hardware_watchdog/watchdog.c.obj
 .debug_aranges
                0x00000648       0x30 CMakeFiles/main.dir/C_/Program_Files/pico-sdk-master/src/rp2_common/hardware_xosc/xosc.c.obj
 .debug_aranges
                0x00000678       0x90 CMakeFiles/main.dir/C_/Program_Files/pico-sdk-master/src/rp2_common/pico_runtime/runtime.c.obj
 .debug_aranges
                0x00000708       0x78 CMakeFiles/main.dir/C_/Program_Files/pico-sdk-master/src/rp2_common/pico_printf/printf.c.obj
 .debug_aranges
                0x00000780       0x68 CMakeFiles/main.dir/C_/Program_Files/pico-sdk-master/src/rp2_common/pico_bit_ops/bit_ops_aeabi.S.obj
 .debug_aranges
                0x000007e8       0x30 CMakeFiles/main.dir/C_/Program_Files/pico-sdk-master/src/rp2_common/pico_bootrom/bootrom.c.obj
 .debug_aranges
                0x00000818       0x40 CMakeFiles/main.dir/C_/Program_Files/pico-sdk-master/src/rp2_common/pico_divider/divider.S.obj
 .debug_aranges
                0x00000858      0x140 CMakeFiles/main.dir/C_/Program_Files/pico-sdk-master/src/rp2_common/pico_double/double_aeabi.S.obj
 .debug_aranges
                0x00000998       0x20 CMakeFiles/main.dir/C_/Program_Files/pico-sdk-master/src/rp2_common/pico_double/double_init_rom.c.obj
 .debug_aranges
                0x000009b8       0xc8 CMakeFiles/main.dir/C_/Program_Files/pico-sdk-master/src/rp2_common/pico_double/double_v1_rom_shim.S.obj
 .debug_aranges
                0x00000a80       0x20 CMakeFiles/main.dir/C_/Program_Files/pico-sdk-master/src/rp2_common/pico_int64_ops/pico_int64_ops_aeabi.S.obj
 .debug_aranges
                0x00000aa0      0x130 CMakeFiles/main.dir/C_/Program_Files/pico-sdk-master/src/rp2_common/pico_float/float_aeabi.S.obj
 .debug_aranges
                0x00000bd0       0x20 CMakeFiles/main.dir/C_/Program_Files/pico-sdk-master/src/rp2_common/pico_float/float_init_rom.c.obj
 .debug_aranges
                0x00000bf0       0x50 CMakeFiles/main.dir/C_/Program_Files/pico-sdk-master/src/rp2_common/pico_float/float_v1_rom_shim.S.obj
 .debug_aranges
                0x00000c40       0x38 CMakeFiles/main.dir/C_/Program_Files/pico-sdk-master/src/rp2_common/pico_malloc/pico_malloc.c.obj
 .debug_aranges
                0x00000c78       0x38 CMakeFiles/main.dir/C_/Program_Files/pico-sdk-master/src/rp2_common/pico_mem_ops/mem_ops_aeabi.S.obj
 .debug_aranges
                0x00000cb0       0x28 CMakeFiles/main.dir/C_/Program_Files/pico-sdk-master/src/rp2_common/pico_standard_link/crt0.S.obj
 .debug_aranges
                0x00000cd8       0x18 CMakeFiles/main.dir/C_/Program_Files/pico-sdk-master/src/rp2_common/pico_standard_link/binary_info.c.obj
 .debug_aranges
                0x00000cf0       0xf8 CMakeFiles/main.dir/C_/Program_Files/pico-sdk-master/src/rp2_common/pico_stdio/stdio.c.obj
 .debug_aranges
                0x00000de8       0xb8 CMakeFiles/main.dir/C_/Program_Files/pico-sdk-master/src/rp2_common/pico_multicore/multicore.c.obj

.debug_ranges   0x00000000     0x73b0
 .debug_ranges  0x00000000       0x58 CMakeFiles/main.dir/main.cpp.obj
 .debug_ranges  0x00000058      0xa40 CMakeFiles/main.dir/C_/Program_Files/pico-sdk-master/src/rp2_common/hardware_gpio/gpio.c.obj
 .debug_ranges  0x00000a98       0x18 CMakeFiles/main.dir/C_/Program_Files/pico-sdk-master/src/rp2_common/pico_platform/platform.c.obj
 .debug_ranges  0x00000ab0      0x440 CMakeFiles/main.dir/C_/Program_Files/pico-sdk-master/src/rp2_common/hardware_claim/claim.c.obj
 .debug_ranges  0x00000ef0      0x178 CMakeFiles/main.dir/C_/Program_Files/pico-sdk-master/src/rp2_common/hardware_sync/sync.c.obj
 .debug_ranges  0x00001068      0xa30 CMakeFiles/main.dir/C_/Program_Files/pico-sdk-master/src/rp2_common/hardware_irq/irq.c.obj
 .debug_ranges  0x00001a98       0x28 CMakeFiles/main.dir/C_/Program_Files/pico-sdk-master/src/common/pico_sync/lock_core.c.obj
 .debug_ranges  0x00001ac0      0xd10 CMakeFiles/main.dir/C_/Program_Files/pico-sdk-master/src/common/pico_sync/mutex.c.obj
 .debug_ranges  0x000027d0     0x17a0 CMakeFiles/main.dir/C_/Program_Files/pico-sdk-master/src/common/pico_time/time.c.obj
 .debug_ranges  0x00003f70      0x620 CMakeFiles/main.dir/C_/Program_Files/pico-sdk-master/src/rp2_common/hardware_timer/timer.c.obj
 .debug_ranges  0x00004590      0xa10 CMakeFiles/main.dir/C_/Program_Files/pico-sdk-master/src/common/pico_util/pheap.c.obj
 .debug_ranges  0x00004fa0      0x3a0 CMakeFiles/main.dir/C_/Program_Files/pico-sdk-master/src/rp2_common/hardware_clocks/clocks.c.obj
 .debug_ranges  0x00005340       0xa0 CMakeFiles/main.dir/C_/Program_Files/pico-sdk-master/src/rp2_common/hardware_pll/pll.c.obj
 .debug_ranges  0x000053e0       0xe8 CMakeFiles/main.dir/C_/Program_Files/pico-sdk-master/src/rp2_common/hardware_watchdog/watchdog.c.obj
 .debug_ranges  0x000054c8       0x38 CMakeFiles/main.dir/C_/Program_Files/pico-sdk-master/src/rp2_common/hardware_xosc/xosc.c.obj
 .debug_ranges  0x00005500      0x1b8 CMakeFiles/main.dir/C_/Program_Files/pico-sdk-master/src/rp2_common/pico_runtime/runtime.c.obj
 .debug_ranges  0x000056b8      0x4c8 CMakeFiles/main.dir/C_/Program_Files/pico-sdk-master/src/rp2_common/pico_printf/printf.c.obj
 .debug_ranges  0x00005b80       0x60 CMakeFiles/main.dir/C_/Program_Files/pico-sdk-master/src/rp2_common/pico_bit_ops/bit_ops_aeabi.S.obj
 .debug_ranges  0x00005be0       0xb0 CMakeFiles/main.dir/C_/Program_Files/pico-sdk-master/src/rp2_common/pico_bootrom/bootrom.c.obj
 .debug_ranges  0x00005c90       0x38 CMakeFiles/main.dir/C_/Program_Files/pico-sdk-master/src/rp2_common/pico_divider/divider.S.obj
 .debug_ranges  0x00005cc8      0x138 CMakeFiles/main.dir/C_/Program_Files/pico-sdk-master/src/rp2_common/pico_double/double_aeabi.S.obj
 .debug_ranges  0x00005e00       0x38 CMakeFiles/main.dir/C_/Program_Files/pico-sdk-master/src/rp2_common/pico_double/double_init_rom.c.obj
 .debug_ranges  0x00005e38       0xc0 CMakeFiles/main.dir/C_/Program_Files/pico-sdk-master/src/rp2_common/pico_double/double_v1_rom_shim.S.obj
 .debug_ranges  0x00005ef8      0x128 CMakeFiles/main.dir/C_/Program_Files/pico-sdk-master/src/rp2_common/pico_float/float_aeabi.S.obj
 .debug_ranges  0x00006020       0x28 CMakeFiles/main.dir/C_/Program_Files/pico-sdk-master/src/rp2_common/pico_float/float_init_rom.c.obj
 .debug_ranges  0x00006048       0x48 CMakeFiles/main.dir/C_/Program_Files/pico-sdk-master/src/rp2_common/pico_float/float_v1_rom_shim.S.obj
 .debug_ranges  0x00006090       0x70 CMakeFiles/main.dir/C_/Program_Files/pico-sdk-master/src/rp2_common/pico_malloc/pico_malloc.c.obj
 .debug_ranges  0x00006100       0x30 CMakeFiles/main.dir/C_/Program_Files/pico-sdk-master/src/rp2_common/pico_mem_ops/mem_ops_aeabi.S.obj
 .debug_ranges  0x00006130       0x20 CMakeFiles/main.dir/C_/Program_Files/pico-sdk-master/src/rp2_common/pico_standard_link/crt0.S.obj
 .debug_ranges  0x00006150      0x940 CMakeFiles/main.dir/C_/Program_Files/pico-sdk-master/src/rp2_common/pico_stdio/stdio.c.obj
 .debug_ranges  0x00006a90      0x920 CMakeFiles/main.dir/C_/Program_Files/pico-sdk-master/src/rp2_common/pico_multicore/multicore.c.obj

.debug_line     0x00000000    0x13791
 .debug_line    0x00000000      0x56b CMakeFiles/main.dir/main.cpp.obj
 .debug_line    0x0000056b     0x17ad CMakeFiles/main.dir/C_/Program_Files/pico-sdk-master/src/rp2_common/hardware_gpio/gpio.c.obj
 .debug_line    0x00001d18      0x2cc CMakeFiles/main.dir/C_/Program_Files/pico-sdk-master/src/rp2_common/pico_platform/platform.c.obj
 .debug_line    0x00001fe4      0x7af CMakeFiles/main.dir/C_/Program_Files/pico-sdk-master/src/rp2_common/hardware_claim/claim.c.obj
 .debug_line    0x00002793      0x55d CMakeFiles/main.dir/C_/Program_Files/pico-sdk-master/src/rp2_common/hardware_sync/sync.c.obj
 .debug_line    0x00002cf0     0x1548 CMakeFiles/main.dir/C_/Program_Files/pico-sdk-master/src/rp2_common/hardware_irq/irq.c.obj
 .debug_line    0x00004238      0x26a CMakeFiles/main.dir/C_/Program_Files/pico-sdk-master/src/common/pico_sync/lock_core.c.obj
 .debug_line    0x000044a2     0x1298 CMakeFiles/main.dir/C_/Program_Files/pico-sdk-master/src/common/pico_sync/mutex.c.obj
 .debug_line    0x0000573a     0x251a CMakeFiles/main.dir/C_/Program_Files/pico-sdk-master/src/common/pico_time/time.c.obj
 .debug_line    0x00007c54     0x1052 CMakeFiles/main.dir/C_/Program_Files/pico-sdk-master/src/rp2_common/hardware_timer/timer.c.obj
 .debug_line    0x00008ca6     0x1324 CMakeFiles/main.dir/C_/Program_Files/pico-sdk-master/src/common/pico_util/pheap.c.obj
 .debug_line    0x00009fca     0x120b CMakeFiles/main.dir/C_/Program_Files/pico-sdk-master/src/rp2_common/hardware_clocks/clocks.c.obj
 .debug_line    0x0000b1d5      0x5d1 CMakeFiles/main.dir/C_/Program_Files/pico-sdk-master/src/rp2_common/hardware_pll/pll.c.obj
 .debug_line    0x0000b7a6      0x686 CMakeFiles/main.dir/C_/Program_Files/pico-sdk-master/src/rp2_common/hardware_watchdog/watchdog.c.obj
 .debug_line    0x0000be2c      0x2f7 CMakeFiles/main.dir/C_/Program_Files/pico-sdk-master/src/rp2_common/hardware_xosc/xosc.c.obj
 .debug_line    0x0000c123      0xc05 CMakeFiles/main.dir/C_/Program_Files/pico-sdk-master/src/rp2_common/pico_runtime/runtime.c.obj
 .debug_line    0x0000cd28     0x1781 CMakeFiles/main.dir/C_/Program_Files/pico-sdk-master/src/rp2_common/pico_printf/printf.c.obj
 .debug_line    0x0000e4a9      0x14d CMakeFiles/main.dir/C_/Program_Files/pico-sdk-master/src/rp2_common/pico_bit_ops/bit_ops_aeabi.S.obj
 .debug_line    0x0000e5f6      0x2ae CMakeFiles/main.dir/C_/Program_Files/pico-sdk-master/src/rp2_common/pico_bootrom/bootrom.c.obj
 .debug_line    0x0000e8a4      0x2d6 CMakeFiles/main.dir/C_/Program_Files/pico-sdk-master/src/rp2_common/pico_divider/divider.S.obj
 .debug_line    0x0000eb7a      0x42b CMakeFiles/main.dir/C_/Program_Files/pico-sdk-master/src/rp2_common/pico_double/double_aeabi.S.obj
 .debug_line    0x0000efa5      0x44c CMakeFiles/main.dir/C_/Program_Files/pico-sdk-master/src/rp2_common/pico_double/double_init_rom.c.obj
 .debug_line    0x0000f3f1      0x6a3 CMakeFiles/main.dir/C_/Program_Files/pico-sdk-master/src/rp2_common/pico_double/double_v1_rom_shim.S.obj